###############################################################################
#                                                                             #
# IAR ELF Linker V5.30.2.51295/W32 for ARM              07/Jan/2010  15:51:19 #
# Copyright 2007-2009 IAR Systems AB.                                         #
#                                                                             #
#    Output file  =  C:\31070\v1\MyProject\Debug\Exe\MyProject.out.tmp        #
#    Map file     =  C:\31070\v1\MyProject\Debug\List\MyProject.map           #
#    Command line =  C:\31070\v1\MyProject\Debug\Obj\adc.o                    #
#                    C:\31070\v1\MyProject\Debug\Obj\dac.o                    #
#                    C:\31070\v1\MyProject\Debug\Obj\gpio.o                   #
#                    C:\31070\v1\MyProject\Debug\Obj\main.o                   #
#                    C:\31070\v1\MyProject\Debug\Obj\sdram_32M_16bit_drv.o    #
#                    C:\31070\v1\MyProject\Debug\Obj\sys.o                    #
#                    C:\31070\v1\MyProject\Debug\Obj\timer.o                  #
#                    C:\31070\v1\MyProject\Debug\Obj\zerocrossing.o -o        #
#                    C:\31070\v1\MyProject\Debug\Exe\MyProject.out.tmp --map  #
#                    C:\31070\v1\MyProject\Debug\List\MyProject.map --config  #
#                    C:\31070\v1\MyProject\config\LPC2478_Flash.icf           #
#                    --semihosting --entry __iar_program_start                #
#                                                                             #
#                                                                             #
###############################################################################

*******************************************************************************
*** RUNTIME MODEL ATTRIBUTES
***

__endian      = little
__thumb_aware = enabled


*******************************************************************************
*** PLACEMENT SUMMARY
***

"A1":  place at mem:0x0 { ro section .intvec };
"P1":  place in [from mem:0x44 to mem:0x7ffff] { ro };
"P2":  place in [from mem:0x40000040 to mem:0x4000ffff] {
          rw, block CSTACK, block SVC_STACK, block IRQ_STACK, block FIQ_STACK,
          block UND_STACK, block ABT_STACK, block HEAP };

  Section            Kind        Address    Size  Object
  -------            ----        -------    ----  ------
"A1":                                       0x3c
  .intvec            ro code  0x00000000    0x3c  cstartup.o [4]
                            - 0x0000003c    0x3c

"P1":                                     0x2390
  Veneer             ro code  0x00000044    0x10  - Linker created -
  .text              ro code  0x00000054   0x3f4  sys.o [1]
  Veneer             ro code  0x00000448     0x4  - Linker created -
  .text              ro code  0x0000044c   0x338  DblDiv.o [4]
  .text              ro code  0x00000784   0x2e8  main.o [1]
  .text              ro code  0x00000a6c   0x24c  sdram_32M_16bit_drv.o [1]
  Veneer             ro code  0x00000cb8     0x4  - Linker created -
  .text              ro code  0x00000cbc   0x1f8  DblMul.o [4]
  Veneer             ro code  0x00000eb4     0x4  - Linker created -
  .text              ro code  0x00000eb8   0x1f0  DblSub.o [4]
  Veneer             ro code  0x000010a8     0x4  - Linker created -
  .text              ro code  0x000010ac   0x1d4  I32DivMod.o [4]
  Veneer             ro code  0x00001280     0x4  - Linker created -
  .text              ro code  0x00001284   0x1c8  FltDiv.o [4]
  .text              ro code  0x0000144c   0x17c  gpio.o [1]
  Veneer             ro code  0x000015c8     0x4  - Linker created -
  .text              ro code  0x000015cc   0x14c  FltMul.o [4]
  Veneer             ro code  0x00001718     0x4  - Linker created -
  .text              ro code  0x0000171c   0x140  DblAdd.o [4]
  Veneer             ro code  0x0000185c     0x4  - Linker created -
  .text              ro code  0x00001860   0x12c  FltSub.o [4]
  .text              ro code  0x0000198c    0xdc  adc.o [1]
  .text              ro code  0x00001a68    0xc0  timer.o [1]
  .text              ro code  0x00001b28    0xb8  zerocrossing.o [1]
  Veneer             ro code  0x00001be0     0x4  - Linker created -
  .text              ro code  0x00001be4    0xac  DblToFlt.o [4]
  Veneer             ro code  0x00001c90     0x4  - Linker created -
  .text              ro code  0x00001c94    0xa4  FltAdd.o [4]
  .text              ro code  0x00001d38    0xa4  iarwstd.o [5]
  .text              ro code  0x00001ddc    0x7c  xreportassert.o [3]
  .text              ro code  0x00001e58    0x68  dac.o [1]
  Veneer             ro code  0x00001ec0     0x4  - Linker created -
  .text              ro code  0x00001ec4    0x64  FltToDbl.o [4]
  .text              ro code  0x00001f28    0x64  S32ToFlt.o [4]
  Veneer             ro code  0x00001f8c     0x4  - Linker created -
  .text              ro code  0x00001f90    0x58  S32ToDbl.o [4]
  .text              ro code  0x00001fe8    0x58  xassert.o [3]
  .text              ro code  0x00002040    0x50  cstartup.o [4]
  .text              ro code  0x00002090    0x40  iarwrite.o [5]
  .text              ro code  0x000020d0    0x36  putchar.o [3]
  Veneer             ro code  0x00002108     0x4  - Linker created -
  .text              ro code  0x0000210c    0x34  FltToU32.o [4]
  .text              ro code  0x00002140    0x34  data_init2.o [4]
  .rodata            const    0x00002174    0x30  xreportassert.o [3]
  .rodata            const    0x000021a4    0x2c  gpio.o [1]
  Veneer             ro code  0x000021d0     0x4  - Linker created -
  .text              ro code  0x000021d4    0x2c  FltCmpLe.o [4]
  Veneer             ro code  0x00002200     0x4  - Linker created -
  .text              ro code  0x00002204    0x2c  FltCmpGe.o [4]
  .text              ro code  0x00002230    0x2c  copy_init2.o [4]
  .text              ro code  0x0000225c    0x28  zero_init2.o [4]
  Veneer             ro code  0x00002284     0xc  - Linker created -
  Veneer             ro code  0x00002290     0xc  - Linker created -
  Veneer             ro code  0x0000229c     0xc  - Linker created -
  .text              ro code  0x000022a8    0x24  cmain.o [4]
  .text              ro code  0x000022cc    0x24  dwrite.o [5]
  .iar.init_table    const    0x000022f0    0x24  - Linker created -
  Veneer             ro code  0x00002314     0x4  - Linker created -
  .text              ro code  0x00002318    0x1c  exit.o [5]
  .rodata            const    0x00002334    0x18  gpio.o [1]
  Veneer             ro code  0x0000234c     0x4  - Linker created -
  .text              ro code  0x00002350    0x14  write.o [5]
  Veneer             ro code  0x00002364     0x4  - Linker created -
  .text              ro code  0x00002368    0x10  main.o [1]
  Veneer             ro code  0x00002378     0x4  - Linker created -
  .text              ro code  0x0000237c    0x10  U32ToFlt.o [4]
  Veneer             ro code  0x0000238c     0x4  - Linker created -
  .text              ro code  0x00002390    0x10  cexit.o [4]
  .text              ro code  0x000023a0     0x8  abort.o [3]
  .text              ro code  0x000023a8     0x6  exit.o [3]
  .text              ro code  0x000023b0     0x4  vectortrap.o [4]
  .text              ro code  0x000023b4     0x4  vectortrap.o [4]
  .text              ro code  0x000023b8     0x4  vectortrap.o [4]
  .text              ro code  0x000023bc     0x4  vectortrap.o [4]
  .text              ro code  0x000023c0     0x4  IntDivZer.o [4]
  .text              ro code  0x000023c4     0x4  xreturnswi.o [5]
  .text              ro code  0x000023c8     0x4  low_level_init.o [3]
  Initializer bytes  ro data  0x000023cc     0x8  <for P2 s0>
                            - 0x000023d4  0x2390

"P2", part 1 of 3:                         0x540
  CSTACK                      0x40000040   0x400  <Block>
    CSTACK           uninit   0x40000040   0x400  <Block tail>
  IRQ_STACK                   0x40000440   0x100  <Block>
    IRQ_STACK        uninit   0x40000440   0x100  <Block tail>
  FIQ_STACK                   0x40000540    0x40  <Block>
    FIQ_STACK        uninit   0x40000540    0x40  <Block tail>
                            - 0x40000580   0x540

"P2", part 2 of 3:                          0x30
  .bss               zero     0x40000580     0x8  main.o [1]
  .bss               zero     0x40000588     0x8  main.o [1]
  .bss               zero     0x40000590     0x4  main.o [1]
  .bss               zero     0x40000594     0x4  main.o [1]
  .bss               zero     0x40000598     0x4  main.o [1]
  .bss               zero     0x4000059c     0x4  main.o [1]
  .bss               zero     0x400005a0     0x4  main.o [1]
  .bss               zero     0x400005a4     0x4  main.o [1]
  .bss               zero     0x400005a8     0x4  main.o [1]
  .bss               zero     0x400005ac     0x4  iarwstd.o [5]
                            - 0x400005b0    0x30

"P2", part 3 of 3:                           0x8
  P2 s0                       0x400005b0     0x8  <Init block>
    .data            inited   0x400005b0     0x4  main.o [1]
    .data            inited   0x400005b4     0x4  zerocrossing.o [1]
                            - 0x400005b8     0x8


*******************************************************************************
*** INIT TABLE
***

          Address     Size
          -------     ----
Zero (__iar_zero_init2)
    1 destination range, total size 0x30:
          0x40000580  0x30

Copy (__iar_copy_init2)
    1 source range, total size 0x8 (100% of destination):
              0x23cc   0x8
    1 destination range, total size 0x8:
          0x400005b0   0x8


*******************************************************************************
*** MODULE SUMMARY
***

    Module                 ro code  ro data  rw data
    ------                 -------  -------  -------
C:\31070\v1\MyProject\Debug\Obj: [1]
    adc.o                      220
    dac.o                      104
    gpio.o                     380       68
    main.o                     760        4       48
    sdram_32M_16bit_drv.o      588
    sys.o                    1 012
    timer.o                    192
    zerocrossing.o             184        4        4
    ------------------------------------------------
    Total:                   3 440       76       52

command line: [2]
    ------------------------------------------------
    Total:

dl4t_tl_in.a: [3]
    abort.o                      8
    exit.o                       6
    low_level_init.o             4
    putchar.o                   54
    xassert.o                   88
    xreportassert.o            124       48
    ------------------------------------------------
    Total:                     284       48

rt4t_al.a: [4]
    DblAdd.o                   320
    DblDiv.o                   824
    DblMul.o                   504
    DblSub.o                   496
    DblToFlt.o                 172
    FltAdd.o                   164
    FltCmpGe.o                  44
    FltCmpLe.o                  44
    FltDiv.o                   456
    FltMul.o                   332
    FltSub.o                   300
    FltToDbl.o                 100
    FltToU32.o                  52
    I32DivMod.o                468
    IntDivZer.o                  4
    S32ToDbl.o                  88
    S32ToFlt.o                 100
    U32ToFlt.o                  16
    cexit.o                     16
    cmain.o                     36
    copy_init2.o                44
    cstartup.o                 140
    data_init2.o                52
    vectortrap.o                16
    zero_init2.o                40
    ------------------------------------------------
    Total:                   4 828

shs_l.a: [5]
    dwrite.o                    36
    exit.o                      28
    iarwrite.o                  64
    iarwstd.o                  164                 4
    write.o                     20
    xreturnswi.o                 4
    ------------------------------------------------
    Total:                     316                 4

    Gaps                         4
    Linker created             132       36    1 344
----------------------------------------------------
    Grand Total:             9 004      160    1 400


*******************************************************************************
*** ENTRY LIST
***

Entry                      Address   Size  Type      Object
-----                      -------   ----  ----      ------
?main                   0x000022a8         Code  Gb  cmain.o [4]
ADC_Intr_Handler        0x00000801   0x34  Code  Gb  main.o [1]
AD_zerocrossing_delay   0x40000588    0x8  Data  Gb  main.o [1]
ADdata                  0x40000580    0x8  Data  Gb  main.o [1]
ADfilter                0x00000959   0x74  Code  Gb  main.o [1]
ADfilter_enable         0x400005a0    0x4  Data  Gb  main.o [1]
Abort_Handler           0x000023bc         Code  Wk  vectortrap.o [4]
CSTACK$$Base            0x40000040          --   Gb  - Linker created -
CSTACK$$Limit           0x40000440          --   Gb  - Linker created -
Data                    0x40000590    0x4  Data  Gb  main.o [1]
FIQ_Handler             0x00000054    0x4  Code  Gb  sys.o [1]
FIQ_STACK$$Base         0x40000540          --   Gb  - Linker created -
FIQ_STACK$$Limit        0x40000580          --   Gb  - Linker created -
Frequency_with_interpolation
                        0x000009d9   0x54  Code  Gb  main.o [1]
Frequency_without_interpolation
                        0x00000a35   0x30  Code  Gb  main.o [1]
GpioInit                0x00000305   0xf8  Code  Gb  sys.o [1]
IRQ_Handler             0x00000058   0x3c  Code  Gb  sys.o [1]
IRQ_STACK$$Base         0x40000440          --   Gb  - Linker created -
IRQ_STACK$$Limit        0x40000540          --   Gb  - Linker created -
InitClock               0x00000121  0x104  Code  Gb  sys.o [1]
Prefetch_Handler        0x000023b8         Code  Wk  vectortrap.o [4]
Region$$Table$$Base     0x000022f0          --   Gb  - Linker created -
Region$$Table$$Limit    0x00002314          --   Gb  - Linker created -
SDRAM_BASE_ADDR         0xa0000000          --   Gb  command line/config [2]
SDRAM_Init              0x00000a6d  0x24c  Code  Gb  sdram_32M_16bit_drv.o [1]
SWI_Handler             0x000023b4         Code  Wk  vectortrap.o [4]
SYS_GetFpclk            0x000002b9   0x42  Code  Gb  sys.o [1]
SYS_GetFsclk            0x00000229   0x84  Code  Gb  sys.o [1]
Sys_Init                0x000003fd   0x4c  Code  Gb  sys.o [1]
T0MR0                   0xe0004018    0x4  Data  Wk  timer.o [1]
T0PR                    0xe000400c    0x4  Data  Wk  timer.o [1]
Timer0IntrHandler       0x00000835  0x114  Code  Gb  main.o [1]
Undefined_Handler       0x000023b0         Code  Wk  vectortrap.o [4]
VICADDRESS              0xffffff00    0x4  Data  Wk  main.o [1]
VICVECTADDR0            0xfffff100    0x4  Data  Wk  sys.o [1]
VIC_Init                0x00000095   0x58  Code  Gb  sys.o [1]
VIC_SetVectoredIRQ      0x000000ed   0x28  Code  Gb  sys.o [1]
ZeroCrossing_delays     0x00001b6d   0x70  Code  Gb  zerocrossing.o [1]
_A_AD0CR                0xe0034000    0x4  Data  Wk  adc.o [1]
_A_AD0GDR               0xe0034004    0x4  Data  Wk  main.o [1]
_A_CCLKCFG              0xe01fc104    0x4  Data  Wk  sys.o [1]
_A_CLKSRCSEL            0xe01fc10c    0x4  Data  Wk  sys.o [1]
_A_DACR                 0xe006c000    0x4  Data  Wk  dac.o [1]
_A_EMCCONTROL           0xffe08000    0x4  Data  Wk  sdram_32M_16bit_drv.o [1]
_A_EMCDINAMICCTRL       0xffe08020    0x4  Data  Wk  sdram_32M_16bit_drv.o [1]
_A_EMCDINAMICRDCFG      0xffe08028    0x4  Data  Wk  sdram_32M_16bit_drv.o [1]
_A_EMCDINAMICRFR        0xffe08024    0x4  Data  Wk  sdram_32M_16bit_drv.o [1]
_A_EMCDYNAMICAPR        0xffe0803c    0x4  Data  Wk  sdram_32M_16bit_drv.o [1]
_A_EMCDYNAMICCFG0       0xffe08100    0x4  Data  Wk  sdram_32M_16bit_drv.o [1]
_A_EMCDYNAMICDAL        0xffe08040    0x4  Data  Wk  sdram_32M_16bit_drv.o [1]
_A_EMCDYNAMICMRD        0xffe08058    0x4  Data  Wk  sdram_32M_16bit_drv.o [1]
_A_EMCDYNAMICRAS        0xffe08034    0x4  Data  Wk  sdram_32M_16bit_drv.o [1]
_A_EMCDYNAMICRASCAS0    0xffe08104    0x4  Data  Wk  sdram_32M_16bit_drv.o [1]
_A_EMCDYNAMICRC         0xffe08048    0x4  Data  Wk  sdram_32M_16bit_drv.o [1]
_A_EMCDYNAMICRFC        0xffe0804c    0x4  Data  Wk  sdram_32M_16bit_drv.o [1]
_A_EMCDYNAMICRP         0xffe08030    0x4  Data  Wk  sdram_32M_16bit_drv.o [1]
_A_EMCDYNAMICRRD        0xffe08054    0x4  Data  Wk  sdram_32M_16bit_drv.o [1]
_A_EMCDYNAMICSREX       0xffe08038    0x4  Data  Wk  sdram_32M_16bit_drv.o [1]
_A_EMCDYNAMICWR         0xffe08044    0x4  Data  Wk  sdram_32M_16bit_drv.o [1]
_A_EMCDYNAMICXSR        0xffe08050    0x4  Data  Wk  sdram_32M_16bit_drv.o [1]
_A_FIO0DIR              0x3fffc000    0x4  Data  Wk  gpio.o [1]
_A_FIO0MASK             0x3fffc010    0x4  Data  Wk  sys.o [1]
_A_FIO0PIN              0x3fffc014    0x4  Data  Wk  gpio.o [1]
_A_FIO1DIR              0x3fffc020    0x4  Data  Wk  gpio.o [1]
_A_FIO1MASK             0x3fffc030    0x4  Data  Wk  sys.o [1]
_A_FIO1PIN              0x3fffc034    0x4  Data  Wk  gpio.o [1]
_A_FIO2DIR              0x3fffc040    0x4  Data  Wk  sys.o [1]
_A_FIO2MASK             0x3fffc050    0x4  Data  Wk  sys.o [1]
_A_FIO3DIR              0x3fffc060    0x4  Data  Wk  sys.o [1]
_A_FIO3MASK             0x3fffc070    0x4  Data  Wk  sys.o [1]
_A_FIO4DIR              0x3fffc080    0x4  Data  Wk  sys.o [1]
_A_FIO4MASK             0x3fffc090    0x4  Data  Wk  sys.o [1]
_A_IO0DIR               0xe0028008    0x4  Data  Wk  sys.o [1]
_A_IO1DIR               0xe0028018    0x4  Data  Wk  sys.o [1]
_A_MAMCR                0xe01fc000    0x4  Data  Wk  sys.o [1]
_A_MAMTIM               0xe01fc004    0x4  Data  Wk  sys.o [1]
_A_PCLKSEL0             0xe01fc1a8    0x4  Data  Wk  sys.o [1]
_A_PCLKSEL1             0xe01fc1ac    0x4  Data  Wk  sys.o [1]
_A_PCONP                0xe01fc0c4    0x4  Data  Wk  adc.o [1]
_A_PINMODE1             0xe002c044    0x4  Data  Wk  adc.o [1]
_A_PINMODE5             0xe002c054    0x4  Data  Wk  sdram_32M_16bit_drv.o [1]
_A_PINMODE6             0xe002c058    0x4  Data  Wk  sdram_32M_16bit_drv.o [1]
_A_PINMODE8             0xe002c060    0x4  Data  Wk  sdram_32M_16bit_drv.o [1]
_A_PINMODE9             0xe002c064    0x4  Data  Wk  sdram_32M_16bit_drv.o [1]
_A_PINSEL0              0xe002c000    0x4  Data  Wk  sys.o [1]
_A_PINSEL1              0xe002c004    0x4  Data  Wk  adc.o [1]
_A_PINSEL10             0xe002c028    0x4  Data  Wk  sys.o [1]
_A_PINSEL2              0xe002c008    0x4  Data  Wk  sys.o [1]
_A_PINSEL3              0xe002c00c    0x4  Data  Wk  sys.o [1]
_A_PINSEL4              0xe002c010    0x4  Data  Wk  sys.o [1]
_A_PINSEL5              0xe002c014    0x4  Data  Wk  sdram_32M_16bit_drv.o [1]
_A_PINSEL6              0xe002c018    0x4  Data  Wk  sdram_32M_16bit_drv.o [1]
_A_PINSEL7              0xe002c01c    0x4  Data  Wk  sys.o [1]
_A_PINSEL8              0xe002c020    0x4  Data  Wk  sdram_32M_16bit_drv.o [1]
_A_PINSEL9              0xe002c024    0x4  Data  Wk  sdram_32M_16bit_drv.o [1]
_A_PLLCFG               0xe01fc084    0x4  Data  Wk  sys.o [1]
_A_PLLCON               0xe01fc080    0x4  Data  Wk  sys.o [1]
_A_PLLFEED              0xe01fc08c    0x4  Data  Wk  sys.o [1]
_A_PLLSTAT              0xe01fc088    0x4  Data  Wk  sys.o [1]
_A_SCS                  0xe01fc1a0    0x4  Data  Wk  sys.o [1]
_A_T0CTCR               0xe0004070    0x4  Data  Wk  timer.o [1]
_A_T0IR                 0xe0004000    0x4  Data  Wk  timer.o [1]
_A_T0MCR                0xe0004014    0x4  Data  Wk  timer.o [1]
_A_T0TCR                0xe0004004    0x4  Data  Wk  timer.o [1]
_A_USBCLKCFG            0xe01fc108    0x4  Data  Wk  sys.o [1]
_A_VICINTENABLE         0xfffff010    0x4  Data  Wk  main.o [1]
_A_VICINTENCLEAR        0xfffff014    0x4  Data  Wk  sys.o [1]
_A_VICINTSELECT         0xfffff00c    0x4  Data  Wk  sys.o [1]
_A_VICPROTECTION        0xfffff020    0x4  Data  Wk  sys.o [1]
_A_VICSOFTINTCLEAR      0xfffff01c    0x4  Data  Wk  sys.o [1]
_A_VICVECTPRIORITY0     0xfffff200    0x4  Data  Wk  sys.o [1]
__aeabi_assert          0x00001feb   0x56  Code  Gb  xassert.o [3]
__aeabi_cfcmple         0x000021d4         Code  Gb  FltCmpLe.o [4]
__aeabi_cfrcmple        0x00002204         Code  Gb  FltCmpGe.o [4]
__aeabi_d2f             0x00001be4         Code  Gb  DblToFlt.o [4]
__aeabi_dadd            0x0000171c         Code  Gb  DblAdd.o [4]
__aeabi_ddiv            0x0000044c         Code  Gb  DblDiv.o [4]
__aeabi_dmul            0x00000cbc         Code  Gb  DblMul.o [4]
__aeabi_dsub            0x00000eb8         Code  Gb  DblSub.o [4]
__aeabi_f2d             0x00001ec4         Code  Gb  FltToDbl.o [4]
__aeabi_f2uiz           0x0000210c         Code  Gb  FltToU32.o [4]
__aeabi_fadd            0x00001c94         Code  Gb  FltAdd.o [4]
__aeabi_fdiv            0x00001284         Code  Gb  FltDiv.o [4]
__aeabi_fmul            0x000015cc         Code  Gb  FltMul.o [4]
__aeabi_fsub            0x00001860         Code  Gb  FltSub.o [4]
__aeabi_i2d             0x00001f90         Code  Gb  S32ToDbl.o [4]
__aeabi_i2f             0x00001f28         Code  Gb  S32ToFlt.o [4]
__aeabi_idiv            0x000010ac         Code  Gb  I32DivMod.o [4]
__aeabi_idiv0           0x000023c0         Code  Gb  IntDivZer.o [4]
__aeabi_idivmod         0x000010ac         Code  Gb  I32DivMod.o [4]
__aeabi_ui2f            0x0000237c         Code  Gb  U32ToFlt.o [4]
__aeabi_uidiv           0x000010bc         Code  Gb  I32DivMod.o [4]
__aeabi_uidivmod        0x000010bc         Code  Gb  I32DivMod.o [4]
__dwrite                0x000022cc   0x24  Code  Gb  dwrite.o [5]
__exit                  0x00002318   0x1c  Code  Gb  exit.o [5]
__iar_EmptyStepPoint    0x00001fe9    0x2  Code  Gb  xassert.o [3]
__iar_ReportAssert      0x00001df9   0x60  Code  Gb  xreportassert.o [3]
__iar_SubNrm            0x000016ec         Code  Gb  FltMul.o [4]
__iar_SubNrmP           0x000016e8         Code  Gb  FltMul.o [4]
__iar_copy_init2        0x00002230   0x2c  Code  Gb  copy_init2.o [4]
__iar_dadd              0x0000172c         Code  Gb  DblAdd.o [4]
__iar_data_init2        0x00002140   0x34  Code  Gb  data_init2.o [4]
__iar_dsub              0x00000ec8         Code  Gb  DblSub.o [4]
__iar_dsubStart         0x00000ee8         Code  Gb  DblSub.o [4]
__iar_enable_interrupt  0x00002368         Code  Wk  main.o [1]
__iar_fadd              0x00001ca0         Code  Gb  FltAdd.o [4]
__iar_fsub              0x0000186c         Code  Gb  FltSub.o [4]
__iar_fsubStart         0x0000187c         Code  Gb  FltSub.o [4]
__iar_i2d               0x00001f94         Code  Gb  S32ToDbl.o [4]
__iar_i2f               0x00001f3c         Code  Gb  S32ToFlt.o [4]
__iar_program_start     0x00002040         Code  Gb  cstartup.o [4]
__iar_return_from_swi   0x000023c4    0x4  Code  Gb  xreturnswi.o [5]
__iar_sh_stdout         0x00001d64   0x74  Code  Gb  iarwstd.o [5]
__iar_sh_stdout_close   0x00001d38   0x2c  Code  Gb  iarwstd.o [5]
__iar_sh_stdout_handle  0x400005ac    0x4  Data  Lc  iarwstd.o [5]
__iar_sh_write          0x00002090   0x40  Code  Gb  iarwrite.o [5]
__iar_zero_init2        0x0000225c   0x28  Code  Gb  zero_init2.o [4]
__low_level_init        0x000023c9    0x4  Code  Gb  low_level_init.o [3]
__vector                0x00000000         Code  Gb  cstartup.o [4]
__vector_0x14           0x00000014         Code  Gb  cstartup.o [4]
__write                 0x00002350   0x14  Code  Gb  write.o [5]
_exit                   0x00002390         Code  Gb  cexit.o [4]
abort                   0x000023a1    0x8  Code  Gb  abort.o [3]
adc_start               0x00001a3d   0x14  Code  Gb  adc.o [1]
adc_stop                0x00001a51    0xe  Code  Gb  adc.o [1]
alpha                   0x40000594    0x4  Data  Gb  main.o [1]
blink_timer             0x400005a4    0x4  Data  Gb  main.o [1]
dac_timer               0x400005a8    0x4  Data  Gb  main.o [1]
dac_write               0x00001e8d   0x34  Code  Gb  dac.o [1]
detect_ZeroCrossing     0x00001b29   0x42  Code  Gb  zerocrossing.o [1]
exit                    0x000023a9    0x6  Code  Gb  exit.o [3]
frequency               0x40000598    0x4  Data  Gb  main.o [1]
initialize_adc          0x0000198d   0xb0  Code  Gb  adc.o [1]
initialize_dac          0x00001e59   0x34  Code  Gb  dac.o [1]
initialize_led          0x0000144d   0x40  Code  Gb  gpio.o [1]
initialize_relays       0x0000148d   0x3c  Code  Gb  gpio.o [1]
initialize_timer        0x00001a69   0x98  Code  Gb  timer.o [1]
linear_inerpolaion      0x400005b0    0x4  Data  Gb  main.o [1]
main                    0x00000785   0x7c  Code  Gb  main.o [1]
out                     0x00001ddd   0x1a  Code  Lc  xreportassert.o [3]
putchar                 0x000020d1   0x36  Code  Gb  putchar.o [3]
relays_status           0x00001551   0x3a  Code  Gb  gpio.o [1]
tick_count              0x4000059c    0x4  Data  Gb  main.o [1]
timer0_interrupt_reset  0x00001b15    0xe  Code  Gb  timer.o [1]
timer0_start            0x00001b01    0xe  Code  Gb  timer.o [1]
toggle_led              0x00001591   0x34  Code  Gb  gpio.o [1]
toggle_relays           0x000014c9   0x80  Code  Gb  gpio.o [1]
update_alpha            0x0000094d    0xc  Code  Gb  main.o [1]
zero_crossing_detection_level
                        0x400005b4    0x4  Data  Gb  zerocrossing.o [1]


[1] = C:\31070\v1\MyProject\Debug\Obj
[2] = command line
[3] = dl4t_tl_in.a
[4] = rt4t_al.a
[5] = shs_l.a

  9 004 bytes of readonly  code memory
    160 bytes of readonly  data memory
  1 400 bytes of readwrite data memory

Errors: none
Warnings: none
