###############################################################################
#                                                                             #
# IAR ELF Linker V5.30.2.51295/W32 for ARM              22/Jan/2010  09:02:34 #
# Copyright 2007-2009 IAR Systems AB.                                         #
#                                                                             #
#    Output file  =  C:\31070\v1\MyProject\Debug\Exe\MyProject.out.tmp        #
#    Map file     =  C:\31070\v1\MyProject\Debug\List\MyProject.map           #
#    Command line =  C:\31070\v1\MyProject\Debug\Obj\Black_bg.o               #
#                    C:\31070\v1\MyProject\Debug\Obj\LPC24xx_enet.o           #
#                    C:\31070\v1\MyProject\Debug\Obj\Terminal_18_24x12.o      #
#                    C:\31070\v1\MyProject\Debug\Obj\Terminal_9_12x6.o        #
#                    C:\31070\v1\MyProject\Debug\Obj\adc.o                    #
#                    C:\31070\v1\MyProject\Debug\Obj\button_lightgrey.o       #
#                    C:\31070\v1\MyProject\Debug\Obj\button_relay_off_lightgr #
#                    ey.o C:\31070\v1\MyProject\Debug\Obj\button_relay_on_lig #
#                    htgrey.o C:\31070\v1\MyProject\Debug\Obj\clock-arch.o    #
#                    C:\31070\v1\MyProject\Debug\Obj\cursor_arrow.o           #
#                    C:\31070\v1\MyProject\Debug\Obj\dac.o                    #
#                    C:\31070\v1\MyProject\Debug\Obj\drv_glcd.o               #
#                    C:\31070\v1\MyProject\Debug\Obj\drv_touch_scr.o          #
#                    C:\31070\v1\MyProject\Debug\Obj\filter.o                 #
#                    C:\31070\v1\MyProject\Debug\Obj\frequency.o              #
#                    C:\31070\v1\MyProject\Debug\Obj\gpio.o                   #
#                    C:\31070\v1\MyProject\Debug\Obj\http-strings.o           #
#                    C:\31070\v1\MyProject\Debug\Obj\httpd-cgi.o              #
#                    C:\31070\v1\MyProject\Debug\Obj\httpd-fs.o               #
#                    C:\31070\v1\MyProject\Debug\Obj\httpd.o                  #
#                    C:\31070\v1\MyProject\Debug\Obj\interrupt_handlers.o     #
#                    C:\31070\v1\MyProject\Debug\Obj\main.o                   #
#                    C:\31070\v1\MyProject\Debug\Obj\photo.o                  #
#                    C:\31070\v1\MyProject\Debug\Obj\psock.o                  #
#                    C:\31070\v1\MyProject\Debug\Obj\sdram_32M_16bit_drv.o    #
#                    C:\31070\v1\MyProject\Debug\Obj\sys.o                    #
#                    C:\31070\v1\MyProject\Debug\Obj\timer.o                  #
#                    C:\31070\v1\MyProject\Debug\Obj\touch_scr.o              #
#                    C:\31070\v1\MyProject\Debug\Obj\uip-timer.o              #
#                    C:\31070\v1\MyProject\Debug\Obj\uip.o                    #
#                    C:\31070\v1\MyProject\Debug\Obj\uip_arp.o                #
#                    C:\31070\v1\MyProject\Debug\Obj\uiplib.o                 #
#                    C:\31070\v1\MyProject\Debug\Obj\zerocrossing.o -o        #
#                    C:\31070\v1\MyProject\Debug\Exe\MyProject.out.tmp --map  #
#                    C:\31070\v1\MyProject\Debug\List\MyProject.map --config  #
#                    C:\31070\v1\MyProject\config\LPC2478_Flash.icf           #
#                    --semihosting --entry __iar_program_start                #
#                                                                             #
#                                                                             #
###############################################################################

*******************************************************************************
*** RUNTIME MODEL ATTRIBUTES
***

__endian      = little
__thumb_aware = enabled


*******************************************************************************
*** PLACEMENT SUMMARY
***

"A1":  place at mem:0x0 { ro section .intvec };
"P1":  place in [from mem:0x44 to mem:0x7ffff] { ro };
"P2":  place in [from mem:0x40000040 to mem:0x4000ffff] {
          rw, block CSTACK, block SVC_STACK, block IRQ_STACK, block FIQ_STACK,
          block UND_STACK, block ABT_STACK, block HEAP };
"P4":  place in [from mem:0x7fe00000 to mem:0x7fe03fff] {
          rw data section EMAC_DMA_RAM };

  Section            Kind        Address     Size  Object
  -------            ----        -------     ----  ------
"A1":                                        0x3c
  .intvec            ro code  0x00000000     0x3c  cstartup.o [4]
                            - 0x0000003c     0x3c

"P1":                                     0x18db8
  .rodata            const    0x00000044   0x3200  button_lightgrey.o [1]
  .rodata            const    0x00003244   0x3000  Terminal_18_24x12.o [1]
  .rodata            const    0x00006244   0x2a68  button_relay_off_lightgrey.o [1]
  .rodata            const    0x00008cac   0x2a68  button_relay_on_lightgrey.o [1]
  .text              ro code  0x0000b714   0x1300  uip.o [1]
  Veneer             ro code  0x0000ca14     0x10  - Linker created -
  Veneer             ro code  0x0000ca24     0x10  - Linker created -
  .text              ro code  0x0000ca34    0xf0a  xprintffull.o [3]
  .text              ro code  0x0000d940    0xd50  main.o [1]
  .rodata            const    0x0000e690    0xc00  Terminal_9_12x6.o [1]
  .text              ro code  0x0000f290    0xb60  drv_glcd.o [1]
  .rodata            const    0x0000fdf0    0xa70  httpd-fs.o [1]
  .rodata            const    0x00010860    0x8c4  httpd-fs.o [1]
  .text              ro code  0x00011124    0x87c  httpd.o [1]
  .text              ro code  0x000119a0    0x7bc  LPC24xx_enet.o [1]
  .text              ro code  0x0001215c    0x578  touch_scr.o [1]
  .text              ro code  0x000126d4    0x55c  httpd-cgi.o [1]
  .rodata            const    0x00012c30    0x518  httpd-fs.o [1]
  .text              ro code  0x00013148    0x498  uip_arp.o [1]
  .rodata            const    0x000135e0    0x460  httpd-fs.o [1]
  .text              ro code  0x00013a40    0x460  interrupt_handlers.o [1]
  .text              ro code  0x00013ea0    0x3f4  sys.o [1]
  .rodata            const    0x00014294    0x398  httpd-fs.o [1]
  .text              ro code  0x0001462c    0x36a  psock.o [1]
  .rodata            const    0x00014998    0x364  httpd-fs.o [1]
  Veneer             ro code  0x00014cfc      0x4  - Linker created -
  .text              ro code  0x00014d00    0x338  DblDiv.o [4]
  .rodata            const    0x00015038    0x32c  httpd-fs.o [1]
  .rodata            const    0x00015364    0x2f0  httpd-fs.o [1]
  .rodata            const    0x00015654    0x294  httpd-fs.o [1]
  .text              ro code  0x000158e8    0x24c  sdram_32M_16bit_drv.o [1]
  Veneer             ro code  0x00015b34      0x4  - Linker created -
  .text              ro code  0x00015b38    0x1f8  DblMul.o [4]
  Veneer             ro code  0x00015d30      0x4  - Linker created -
  .text              ro code  0x00015d34    0x1f0  DblSub.o [4]
  Veneer             ro code  0x00015f24      0x4  - Linker created -
  .text              ro code  0x00015f28    0x1d4  I32DivMod.o [4]
  Veneer             ro code  0x000160fc      0x4  - Linker created -
  .text              ro code  0x00016100    0x1c8  FltDiv.o [4]
  .text              ro code  0x000162c8    0x184  sqrt.o [3]
  .text              ro code  0x0001644c    0x17c  gpio.o [1]
  .text              ro code  0x000165c8    0x158  timer.o [1]
  Veneer             ro code  0x00016720      0x4  - Linker created -
  .text              ro code  0x00016724    0x14c  FltMul.o [4]
  Veneer             ro code  0x00016870      0x4  - Linker created -
  .text              ro code  0x00016874    0x140  DblAdd.o [4]
  .text              ro code  0x000169b4    0x138  adc.o [1]
  Veneer             ro code  0x00016aec      0x4  - Linker created -
  .text              ro code  0x00016af0    0x12c  FltSub.o [4]
  .text              ro code  0x00016c1c    0x12c  xdscale.o [3]
  .text              ro code  0x00016d48    0x128  I64DivMod.o [4]
  .rodata            const    0x00016e70    0x100  cursor_arrow.o [1]
  .text              ro code  0x00016f70     0xf8  filter.o [1]
  .rodata            const    0x00017068     0xe8  httpd-fs.o [1]
  .rodata            const    0x00017150     0xe4  httpd-fs.o [1]
  .text              ro code  0x00017234     0xe4  httpd-fs.o [1]
  Veneer             ro code  0x00017318      0x4  - Linker created -
  .text              ro code  0x0001731c     0xd4  ABImemcpy.o [4]
  .rodata            const    0x000173f0     0xd0  httpd-fs.o [1]
  .text              ro code  0x000174c0     0xd0  frequency.o [1]
  .text              ro code  0x00017590     0xc0  xdnorm.o [3]
  .rodata            const    0x00017650     0xb4  httpd-fs.o [1]
  Veneer             ro code  0x00017704      0x4  - Linker created -
  .text              ro code  0x00017708     0xac  DblToFlt.o [4]
  .rodata            const    0x000177b4     0xa8  httpd-cgi.o [1]
  .text              ro code  0x0001785c     0xa8  zerocrossing.o [1]
  Veneer             ro code  0x00017904      0x4  - Linker created -
  .text              ro code  0x00017908     0xa4  FltAdd.o [4]
  Veneer             ro code  0x000179ac      0x4  - Linker created -
  .text              ro code  0x000179b0     0x9c  strncpy.o [4]
  Veneer             ro code  0x00017a4c      0x4  - Linker created -
  .text              ro code  0x00017a50     0x94  memchr.o [4]
  Veneer             ro code  0x00017ae4      0x4  - Linker created -
  .text              ro code  0x00017ae8     0x7c  ABImemset.o [4]
  .text              ro code  0x00017b64     0x7c  xreportassert.o [3]
  .rodata            const    0x00017be0     0x6c  httpd-cgi.o [1]
  Veneer             ro code  0x00017c4c      0x4  - Linker created -
  .text              ro code  0x00017c50     0x6c  strcpy.o [4]
  Veneer             ro code  0x00017cbc      0x4  - Linker created -
  .text              ro code  0x00017cc0     0x64  FltToDbl.o [4]
  Veneer             ro code  0x00017d24      0x4  - Linker created -
  .text              ro code  0x00017d28     0x64  S32ToFlt.o [4]
  .rodata            const    0x00017d8c     0x60  httpd-cgi.o [1]
  Veneer             ro code  0x00017dec      0x4  - Linker created -
  .text              ro code  0x00017df0     0x60  DblToS32.o [4]
  .rodata            const    0x00017e50     0x5c  http-strings.o [1]
  Veneer             ro code  0x00017eac      0x4  - Linker created -
  .text              ro code  0x00017eb0     0x58  S32ToDbl.o [4]
  .text              ro code  0x00017f08     0x58  xassert.o [3]
  .rodata            const    0x00017f60     0x54  http-strings.o [1]
  Veneer             ro code  0x00017fb4      0x4  - Linker created -
  .text              ro code  0x00017fb8     0x54  strlen.o [4]
  .text              ro code  0x0001800c     0x50  cstartup.o [4]
  .text              ro code  0x0001805c     0x44  snprintf.o [3]
  Veneer             ro code  0x000180a0      0x4  - Linker created -
  .text              ro code  0x000180a4     0x3c  DblToU32.o [4]
  Veneer             ro code  0x000180e0      0x4  - Linker created -
  .text              ro code  0x000180e4     0x38  DblCmpLe.o [4]
  Veneer             ro code  0x0001811c      0x4  - Linker created -
  .text              ro code  0x00018120     0x38  DblCmpGe.o [4]
  .text              ro code  0x00018158     0x34  dac.o [1]
  Veneer             ro code  0x0001818c      0x4  - Linker created -
  .text              ro code  0x00018190     0x34  FltToU32.o [4]
  .text              ro code  0x000181c4     0x34  data_init2.o [4]
  .rodata            const    0x000181f8     0x30  drv_glcd.o [1]
  .rodata            const    0x00018228     0x30  touch_scr.o [1]
  .rodata            const    0x00018258     0x30  xreportassert.o [3]
  .text              ro code  0x00018288     0x30  iarwstd.o [5]
  .text              ro code  0x000182b8     0x30  strncmp.o [3]
  .rodata            const    0x000182e8     0x2c  gpio.o [1]
  .rodata            const    0x00018314     0x2c  http-strings.o [1]
  Veneer             ro code  0x00018340      0x4  - Linker created -
  .text              ro code  0x00018344     0x2c  FltCmpLe.o [4]
  Veneer             ro code  0x00018370      0x4  - Linker created -
  .text              ro code  0x00018374     0x2c  FltCmpGe.o [4]
  .text              ro code  0x000183a0     0x2c  copy_init2.o [4]
  .text              ro code  0x000183cc     0x28  zero_init2.o [4]
  .text              ro code  0x000183f4     0x28  div.o [3]
  Veneer             ro code  0x0001841c      0xc  - Linker created -
  Veneer             ro code  0x00018428      0xc  - Linker created -
  Veneer             ro code  0x00018434      0xc  - Linker created -
  .text              ro code  0x00018440     0x24  cmain.o [4]
  .iar.init_table    const    0x00018464     0x24  - Linker created -
  .rodata            const    0x00018488     0x20  button_relay_off_lightgrey.o [1]
  .rodata            const    0x000184a8     0x20  button_relay_on_lightgrey.o [1]
  .rodata            const    0x000184c8     0x20  http-strings.o [1]
  .rodata            const    0x000184e8     0x20  http-strings.o [1]
  .rodata            const    0x00018508     0x20  httpd-fs.o [1]
  .text              ro code  0x00018528     0x20  printf.o [3]
  Veneer             ro code  0x00018548      0x4  - Linker created -
  .text              ro code  0x0001854c     0x20  strchr.o [4]
  .text              ro code  0x0001856c     0x1e  strrchr.o [3]
  .text              ro code  0x0001858a     0x1e  xprout.o [3]
  .rodata            const    0x000185a8     0x1c  LPC24xx_enet.o [1]
  .rodata            const    0x000185c4     0x1c  LPC24xx_enet.o [1]
  .rodata            const    0x000185e0     0x1c  http-strings.o [1]
  .rodata            const    0x000185fc     0x1c  http-strings.o [1]
  .rodata            const    0x00018618     0x1c  http-strings.o [1]
  .rodata            const    0x00018634     0x1c  http-strings.o [1]
  .rodata            const    0x00018650     0x1c  http-strings.o [1]
  .rodata            const    0x0001866c     0x1c  http-strings.o [1]
  .rodata            const    0x00018688     0x1c  main.o [1]
  .text              ro code  0x000186a4     0x1c  errno.o [3]
  Veneer             ro code  0x000186c0      0x4  - Linker created -
  .text              ro code  0x000186c4     0x1c  exit.o [5]
  .text              ro code  0x000186e0     0x1c  LPC24xx_enet.o [1]
  .text              ro code  0x000186fc     0x1c  uip_arp.o [1]
  .text              ro code  0x00018718     0x1c  xsnprout.o [3]
  .rodata            const    0x00018734     0x18  LPC24xx_enet.o [1]
  .rodata            const    0x0001874c     0x18  LPC24xx_enet.o [1]
  .rodata            const    0x00018764     0x18  button_lightgrey.o [1]
  .rodata            const    0x0001877c     0x18  drv_glcd.o [1]
  .rodata            const    0x00018794     0x18  drv_glcd.o [1]
  .rodata            const    0x000187ac     0x18  gpio.o [1]
  .rodata            const    0x000187c4     0x18  main.o [1]
  .rodata            const    0x000187dc     0x18  main.o [1]
  .rodata            const    0x000187f4     0x18  main.o [1]
  .rodata            const    0x0001880c     0x18  touch_scr.o [1]
  .text              ro code  0x00018824     0x18  clock-arch.o [1]
  .text              ro code  0x0001883c     0x18  httpd.o [1]
  .rodata            const    0x00018854     0x14  LPC24xx_enet.o [1]
  .rodata            const    0x00018868     0x14  Terminal_18_24x12.o [1]
  .rodata            const    0x0001887c     0x14  Terminal_9_12x6.o [1]
  .rodata            const    0x00018890     0x14  drv_glcd.o [1]
  .rodata            const    0x000188a4     0x14  httpd-cgi.o [1]
  .rodata            const    0x000188b8     0x14  httpd-cgi.o [1]
  .rodata            const    0x000188cc     0x14  httpd-fs.o [1]
  .rodata            const    0x000188e0     0x14  httpd-fs.o [1]
  .rodata            const    0x000188f4     0x14  httpd-fs.o [1]
  .rodata            const    0x00018908     0x14  httpd-fs.o [1]
  .rodata            const    0x0001891c     0x14  httpd-fs.o [1]
  .rodata            const    0x00018930     0x14  httpd-fs.o [1]
  .rodata            const    0x00018944     0x14  httpd-fs.o [1]
  .rodata            const    0x00018958     0x14  httpd-fs.o [1]
  .rodata            const    0x0001896c     0x14  httpd-fs.o [1]
  .rodata            const    0x00018980     0x14  httpd-fs.o [1]
  .rodata            const    0x00018994     0x14  httpd-fs.o [1]
  .rodata            const    0x000189a8     0x14  httpd-fs.o [1]
  .rodata            const    0x000189bc     0x14  httpd-fs.o [1]
  .rodata            const    0x000189d0     0x14  httpd-fs.o [1]
  .rodata            const    0x000189e4     0x14  main.o [1]
  .rodata            const    0x000189f8     0x14  main.o [1]
  .rodata            const    0x00018a0c     0x10  drv_glcd.o [1]
  .rodata            const    0x00018a1c     0x10  httpd-cgi.o [1]
  .rodata            const    0x00018a2c     0x10  main.o [1]
  .rodata            const    0x00018a3c     0x10  main.o [1]
  .rodata            const    0x00018a4c     0x10  main.o [1]
  .rodata            const    0x00018a5c     0x10  main.o [1]
  .rodata            const    0x00018a6c     0x10  main.o [1]
  Veneer             ro code  0x00018a7c      0x4  - Linker created -
  .text              ro code  0x00018a80     0x10  main.o [1]
  Veneer             ro code  0x00018a90      0x4  - Linker created -
  .text              ro code  0x00018a94     0x10  U32ToFlt.o [4]
  Veneer             ro code  0x00018aa4      0x4  - Linker created -
  .text              ro code  0x00018aa8     0x10  cexit.o [4]
  .rodata            const    0x00018ab8      0xc  drv_glcd.o [1]
  .rodata            const    0x00018ac4      0xc  http-strings.o [1]
  .rodata            const    0x00018ad0      0xc  http-strings.o [1]
  .rodata            const    0x00018adc      0xc  http-strings.o [1]
  .rodata            const    0x00018ae8      0xc  httpd-cgi.o [1]
  .rodata            const    0x00018af4      0xc  httpd-cgi.o [1]
  .rodata            const    0x00018b00      0xc  httpd-cgi.o [1]
  .rodata            const    0x00018b0c      0xc  httpd-cgi.o [1]
  .rodata            const    0x00018b18      0xc  httpd-cgi.o [1]
  .rodata            const    0x00018b24      0xc  httpd-cgi.o [1]
  .rodata            const    0x00018b30      0xc  httpd-cgi.o [1]
  .rodata            const    0x00018b3c      0xc  httpd-cgi.o [1]
  .rodata            const    0x00018b48      0xc  httpd-cgi.o [1]
  .rodata            const    0x00018b54      0xc  main.o [1]
  .rodata            const    0x00018b60      0xc  main.o [1]
  .rodata            const    0x00018b6c      0xc  main.o [1]
  Veneer             ro code  0x00018b78      0x4  - Linker created -
  .text              ro code  0x00018b7c      0xc  U32ToDbl.o [4]
  .rodata            const    0x00018b88      0x8  http-strings.o [1]
  .rodata            const    0x00018b90      0x8  http-strings.o [1]
  .rodata            const    0x00018b98      0x8  http-strings.o [1]
  .rodata            const    0x00018ba0      0x8  http-strings.o [1]
  .rodata            const    0x00018ba8      0x8  http-strings.o [1]
  .rodata            const    0x00018bb0      0x8  http-strings.o [1]
  .rodata            const    0x00018bb8      0x8  http-strings.o [1]
  .rodata            const    0x00018bc0      0x8  http-strings.o [1]
  .rodata            const    0x00018bc8      0x8  http-strings.o [1]
  .rodata            const    0x00018bd0      0x8  httpd-cgi.o [1]
  .rodata            const    0x00018bd8      0x8  httpd-cgi.o [1]
  .rodata            const    0x00018be0      0x8  httpd-cgi.o [1]
  .rodata            const    0x00018be8      0x8  httpd-cgi.o [1]
  .rodata            const    0x00018bf0      0x8  httpd-cgi.o [1]
  .rodata            const    0x00018bf8      0x8  httpd-cgi.o [1]
  .rodata            const    0x00018c00      0x8  httpd-cgi.o [1]
  .rodata            const    0x00018c08      0x8  httpd-cgi.o [1]
  .rodata            const    0x00018c10      0x8  uip.o [1]
  .rodata            const    0x00018c18      0x8  uip_arp.o [1]
  .rodata            const    0x00018c20      0x8  xprintffull.o [3]
  .text              ro code  0x00018c28      0x8  abort.o [3]
  .text              ro code  0x00018c30      0x6  exit.o [3]
  .rodata            const    0x00018c38      0x4  uip.o [1]
  .rodata            const    0x00018c3c      0x4  uip_arp.o [1]
  .text              ro code  0x00018c40      0x4  vectortrap.o [4]
  .text              ro code  0x00018c44      0x4  vectortrap.o [4]
  .text              ro code  0x00018c48      0x4  vectortrap.o [4]
  .text              ro code  0x00018c4c      0x4  vectortrap.o [4]
  .text              ro code  0x00018c50      0x4  IntDivZer.o [4]
  .text              ro code  0x00018c54      0x4  xreturnswi.o [5]
  .text              ro code  0x00018c58      0x4  I64DivZer.o [4]
  .text              ro code  0x00018c5c      0x4  low_level_init.o [3]
  .text              ro code  0x00018c60      0x2  httpd.o [1]
  .text              ro code  0x00018c62      0x2  psock.o [1]
  .text              ro code  0x00018c64      0x2  errno.o [3]
  Initializer bytes  ro data  0x00018c68    0x194  <for P2 s0>
                            - 0x00018dfc  0x18db8

"P2", part 1 of 3:                          0x540
  CSTACK                      0x40000040    0x400  <Block>
    CSTACK           uninit   0x40000040    0x400  <Block tail>
  IRQ_STACK                   0x40000440    0x100  <Block>
    IRQ_STACK        uninit   0x40000440    0x100  <Block tail>
  FIQ_STACK                   0x40000540     0x40  <Block>
    FIQ_STACK        uninit   0x40000540     0x40  <Block tail>
                            - 0x40000580    0x540

"P2", part 2 of 3:                         0x27d4
  .bss               zero     0x40000580   0x1fe0  uip.o [1]
  .bss               zero     0x40002560    0x5f4  uip.o [1]
  .bss               zero     0x40002b54     0x60  uip_arp.o [1]
  .bss               zero     0x40002bb4     0x50  uip.o [1]
  .bss               zero     0x40002c04     0x2c  uip.o [1]
  .bss               zero     0x40002c30     0x1c  httpd-fs.o [1]
  .bss               zero     0x40002c4c     0x18  main.o [1]
  .bss               zero     0x40002c64     0x10  main.o [1]
  .bss               zero     0x40002c74      0xc  timer.o [1]
  .bss               zero     0x40002c80      0x8  main.o [1]
  .bss               zero     0x40002c88      0x8  errno.o [3]
  .bss               zero     0x40002c90      0x4  clock-arch.o [1]
  .bss               zero     0x40002c94      0x4  drv_glcd.o [1]
  .bss               zero     0x40002c98      0x4  drv_glcd.o [1]
  .bss               zero     0x40002c9c      0x4  drv_glcd.o [1]
  .bss               zero     0x40002ca0      0x4  drv_glcd.o [1]
  .bss               zero     0x40002ca4      0x4  drv_glcd.o [1]
  .bss               zero     0x40002ca8      0x4  drv_glcd.o [1]
  .bss               zero     0x40002cac      0x4  drv_glcd.o [1]
  .bss               zero     0x40002cb0      0x4  drv_glcd.o [1]
  .bss               zero     0x40002cb4      0x4  drv_glcd.o [1]
  .bss               zero     0x40002cb8      0x4  drv_glcd.o [1]
  .bss               zero     0x40002cbc      0x4  drv_glcd.o [1]
  .bss               zero     0x40002cc0      0x4  drv_glcd.o [1]
  .bss               zero     0x40002cc4      0x4  drv_glcd.o [1]
  .bss               zero     0x40002cc8      0x4  interrupt_handlers.o [1]
  .bss               zero     0x40002ccc      0x4  interrupt_handlers.o [1]
  .bss               zero     0x40002cd0      0x4  interrupt_handlers.o [1]
  .bss               zero     0x40002cd4      0x4  interrupt_handlers.o [1]
  .bss               zero     0x40002cd8      0x4  interrupt_handlers.o [1]
  .bss               zero     0x40002cdc      0x4  interrupt_handlers.o [1]
  .bss               zero     0x40002ce0      0x4  interrupt_handlers.o [1]
  .bss               zero     0x40002ce4      0x4  main.o [1]
  .bss               zero     0x40002ce8      0x4  main.o [1]
  .bss               zero     0x40002cec      0x4  main.o [1]
  .bss               zero     0x40002cf0      0x4  main.o [1]
  .bss               zero     0x40002cf4      0x4  main.o [1]
  .bss               zero     0x40002cf8      0x4  main.o [1]
  .bss               zero     0x40002cfc      0x4  main.o [1]
  .bss               zero     0x40002d00      0x4  main.o [1]
  .bss               zero     0x40002d04      0x4  main.o [1]
  .bss               zero     0x40002d08      0x4  main.o [1]
  .bss               zero     0x40002d0c      0x4  main.o [1]
  .bss               zero     0x40002d10      0x4  main.o [1]
  .bss               zero     0x40002d14      0x4  main.o [1]
  .bss               zero     0x40002d18      0x4  uip.o [1]
  .bss               zero     0x40002d1c      0x4  uip.o [1]
  .bss               zero     0x40002d20      0x4  uip.o [1]
  .bss               zero     0x40002d24      0x4  uip.o [1]
  .bss               zero     0x40002d28      0x4  uip.o [1]
  .bss               zero     0x40002d2c      0x4  uip.o [1]
  .bss               zero     0x40002d30      0x4  uip.o [1]
  .bss               zero     0x40002d34      0x4  uip.o [1]
  .bss               zero     0x40002d38      0x4  uip_arp.o [1]
  .bss               zero     0x40002d3c      0x4  iarwstd.o [5]
  .bss               zero     0x40002d40      0x2  uip.o [1]
  .bss               zero     0x40002d42      0x2  uip.o [1]
  .bss               zero     0x40002d44      0x2  uip.o [1]
  .bss               zero     0x40002d46      0x2  uip.o [1]
  .bss               zero     0x40002d48      0x2  uip.o [1]
  .bss               zero     0x40002d4a      0x1  LPC24xx_enet.o [1]
  .bss               zero     0x40002d4b      0x1  uip.o [1]
  .bss               zero     0x40002d4c      0x1  uip.o [1]
  .bss               zero     0x40002d4d      0x1  uip.o [1]
  .bss               zero     0x40002d4e      0x1  uip_arp.o [1]
  .bss               zero     0x40002d4f      0x1  uip_arp.o [1]
  .bss               zero     0x40002d50      0x1  uip_arp.o [1]
  .bss               zero     0x40002d51      0x1  uip_arp.o [1]
                            - 0x40002d52   0x27d2

"P2", part 3 of 3:                          0x194
  P2 s0                       0x40002d54    0x194  <Init block>
    .data            inited   0x40002d54     0x38  touch_scr.o [1]
    .data            inited   0x40002d8c     0x24  httpd-cgi.o [1]
    .data            inited   0x40002db0     0x1c  button_lightgrey.o [1]
    .data            inited   0x40002dcc     0x1c  button_relay_off_lightgrey.o [1]
    .data            inited   0x40002de8     0x1c  button_relay_on_lightgrey.o [1]
    .data            inited   0x40002e04     0x18  Terminal_18_24x12.o [1]
    .data            inited   0x40002e1c     0x18  Terminal_9_12x6.o [1]
    .data            inited   0x40002e34     0x18  httpd-cgi.o [1]
    .data            inited   0x40002e4c     0x18  touch_scr.o [1]
    .data            inited   0x40002e64     0x18  touch_scr.o [1]
    .data            inited   0x40002e7c     0x18  touch_scr.o [1]
    .data            inited   0x40002e94     0x18  touch_scr.o [1]
    .data            inited   0x40002eac      0x4  drv_glcd.o [1]
    .data            inited   0x40002eb0      0x4  drv_glcd.o [1]
    .data            inited   0x40002eb4      0x4  drv_glcd.o [1]
    .data            inited   0x40002eb8      0x4  interrupt_handlers.o [1]
    .data            inited   0x40002ebc      0x4  interrupt_handlers.o [1]
    .data            inited   0x40002ec0      0x4  interrupt_handlers.o [1]
    .data            inited   0x40002ec4      0x4  interrupt_handlers.o [1]
    .data            inited   0x40002ec8      0x4  main.o [1]
    .data            inited   0x40002ecc      0x4  main.o [1]
    .data            inited   0x40002ed0      0x4  main.o [1]
    .data            inited   0x40002ed4      0x4  main.o [1]
    .data            inited   0x40002ed8      0x4  main.o [1]
    .data            inited   0x40002edc      0x4  main.o [1]
    .data            inited   0x40002ee0      0x4  main.o [1]
    .data            inited   0x40002ee4      0x4  zerocrossing.o [1]
                            - 0x40002ee8    0x194

"P4":                                      0x1838
  EMAC_DMA_RAM       uninit   0x7fe00000    0x600  LPC24xx_enet.o [1]
  EMAC_DMA_RAM       uninit   0x7fe00600    0x600  LPC24xx_enet.o [1]
  EMAC_DMA_RAM       uninit   0x7fe00c00    0x600  LPC24xx_enet.o [1]
  EMAC_DMA_RAM       uninit   0x7fe01200    0x600  LPC24xx_enet.o [1]
  EMAC_DMA_RAM       uninit   0x7fe01800     0x10  LPC24xx_enet.o [1]
  EMAC_DMA_RAM       uninit   0x7fe01810     0x10  LPC24xx_enet.o [1]
  EMAC_DMA_RAM       uninit   0x7fe01820     0x10  LPC24xx_enet.o [1]
  EMAC_DMA_RAM       uninit   0x7fe01830      0x8  LPC24xx_enet.o [1]
                            - 0x7fe01838   0x1838


*******************************************************************************
*** INIT TABLE
***

          Address     Size
          -------     ----
Zero (__iar_zero_init2)
    1 destination range, total size 0x27d2:
          0x40000580  0x27d2

Copy (__iar_copy_init2)
    1 source range, total size 0x194 (100% of destination):
             0x18c68   0x194
    1 destination range, total size 0x194:
          0x40002d54   0x194


*******************************************************************************
*** MODULE SUMMARY
***

    Module                        ro code  ro data  rw data
    ------                        -------  -------  -------
C:\31070\v1\MyProject\Debug\Obj: [1]
    LPC24xx_enet.o                  2 008      124    6 201
    Terminal_18_24x12.o                     12 332       24
    Terminal_9_12x6.o                        3 116       24
    adc.o                             312
    button_lightgrey.o                      12 852       28
    button_relay_off_lightgrey.o            10 916       28
    button_relay_on_lightgrey.o             10 916       28
    clock-arch.o                       24                 4
    cursor_arrow.o                             256
    dac.o                              52
    drv_glcd.o                      2 912      156       64
    filter.o                          248
    frequency.o                       208
    gpio.o                            380       68
    http-strings.o                             560
    httpd-cgi.o                     1 372      660       60
    httpd-fs.o                        228   12 512       28
    httpd.o                         2 198
    interrupt_handlers.o            1 120       16       44
    main.o                          3 424      284      128
    psock.o                           876
    sdram_32M_16bit_drv.o             588
    sys.o                           1 012
    timer.o                           344                12
    touch_scr.o                     1 400      224      152
    uip.o                           4 864       12    9 853
    uip_arp.o                       1 204       12      104
    zerocrossing.o                    168        4        4
    -------------------------------------------------------
    Total:                         24 942   65 020   16 786

command line: [2]
    -------------------------------------------------------
    Total:

dl4t_tl_in.a: [3]
    abort.o                             8
    div.o                              40
    errno.o                            30                 8
    exit.o                              6
    low_level_init.o                    4
    printf.o                           32
    snprintf.o                         68
    sqrt.o                            388
    strncmp.o                          48
    strrchr.o                          30
    xassert.o                          88
    xdnorm.o                          192
    xdscale.o                         300
    xprintffull.o                   3 850        8
    xprout.o                           30
    xreportassert.o                   124       48
    xsnprout.o                         28
    -------------------------------------------------------
    Total:                          5 266       56        8

rt4t_al.a: [4]
    ABImemcpy.o                       212
    ABImemset.o                       124
    DblAdd.o                          320
    DblCmpGe.o                         56
    DblCmpLe.o                         56
    DblDiv.o                          824
    DblMul.o                          504
    DblSub.o                          496
    DblToFlt.o                        172
    DblToS32.o                         96
    DblToU32.o                         60
    FltAdd.o                          164
    FltCmpGe.o                         44
    FltCmpLe.o                         44
    FltDiv.o                          456
    FltMul.o                          332
    FltSub.o                          300
    FltToDbl.o                        100
    FltToU32.o                         52
    I32DivMod.o                       468
    I64DivMod.o                       296
    I64DivZer.o                         4
    IntDivZer.o                         4
    S32ToDbl.o                         88
    S32ToFlt.o                        100
    U32ToDbl.o                         12
    U32ToFlt.o                         16
    cexit.o                            16
    cmain.o                            36
    copy_init2.o                       44
    cstartup.o                        140
    data_init2.o                       52
    memchr.o                          148
    strchr.o                           32
    strcpy.o                          108
    strlen.o                           84
    strncpy.o                         156
    vectortrap.o                       16
    zero_init2.o                       40
    -------------------------------------------------------
    Total:                          6 272

shs_l.a: [5]
    exit.o                             28
    iarwstd.o                          48                 4
    xreturnswi.o                        4
    -------------------------------------------------------
    Total:                             80                 4

    Gaps                                2        4
    Linker created                    196       38    1 344
-----------------------------------------------------------
    Grand Total:                   36 758   65 118   18 142


*******************************************************************************
*** ENTRY LIST
***

Entry                      Address    Size  Type      Object
-----                      -------    ----  ----      ------
?main                   0x00018440          Code  Gb  cmain.o [4]
ADC_Inter_Handler       0x00013a41   0x188  Code  Gb  interrupt_handlers.o [1]
ADC_p_p                 0x40002c64    0x10  Data  Gb  main.o [1]
AD_zerocrossing_delay   0x40002c80     0x8  Data  Gb  main.o [1]
ADdata                  0x40002c4c    0x18  Data  Gb  main.o [1]
ADfilter                0x00016ff1    0x74  Code  Gb  filter.o [1]
ADfilter_enable         0x40002ec8     0x4  Data  Gb  main.o [1]
Abort_Handler           0x00018c4c          Code  Wk  vectortrap.o [4]
Bits_2_Grid_Voltage     0x00013e69    0x38  Code  Gb  interrupt_handlers.o [1]
CSTACK$$Base            0x40000040           --   Gb  - Linker created -
CSTACK$$Limit           0x40000440           --   Gb  - Linker created -
CurrX_Size              0x40002cbc     0x4  Data  Lc  drv_glcd.o [1]
CurrY_Size              0x40002cb8     0x4  Data  Lc  drv_glcd.o [1]
Cursor                  0x00016e70   0x100  Data  Gb  cursor_arrow.o [1]
Data                    0x40002ce4     0x4  Data  Gb  main.o [1]
ENET_MIIReadRegister    0x000120ed    0x70  Code  Lc  LPC24xx_enet.o [1]
ENET_MIIWriteRegister   0x00012081    0x6c  Code  Lc  LPC24xx_enet.o [1]
EnetDmaRx               0x7fe01810    0x10  Data  Gb  LPC24xx_enet.o [1]
EnetDmaRxSta            0x7fe01800    0x10  Data  Gb  LPC24xx_enet.o [1]
EnetDmaTx               0x7fe01820    0x10  Data  Gb  LPC24xx_enet.o [1]
EnetDmaTxSta            0x7fe01830     0x8  Data  Gb  LPC24xx_enet.o [1]
FIQ_Handler             0x00013ea0     0x4  Code  Gb  sys.o [1]
FIQ_STACK$$Base         0x40000540           --   Gb  - Linker created -
FIQ_STACK$$Limit        0x40000580           --   Gb  - Linker created -
Frequency_with_interpolation
                        0x000174c1    0x44  Code  Gb  frequency.o [1]
Frequency_without_interpolation
                        0x00017505    0x24  Code  Gb  frequency.o [1]
GLCD_Copy_Cursor        0x0000f37d    0x30  Code  Gb  drv_glcd.o [1]
GLCD_Ctrl               0x0000f779    0x70  Code  Gb  drv_glcd.o [1]
GLCD_Cursor_Cfg         0x0000f291     0xc  Code  Gb  drv_glcd.o [1]
GLCD_Cursor_Dis         0x0000f2bf     0xe  Code  Gb  drv_glcd.o [1]
GLCD_Cursor_En          0x0000f29d    0x22  Code  Gb  drv_glcd.o [1]
GLCD_Init               0x0000f3ad   0x384  Code  Gb  drv_glcd.o [1]
GLCD_LoadPic            0x0000fd61    0x90  Code  Gb  drv_glcd.o [1]
GLCD_Move_Cursor        0x0000f2d1    0xa8  Code  Gb  drv_glcd.o [1]
GLCD_SetFont            0x0000f7e9    0x1c  Code  Gb  drv_glcd.o [1]
GLCD_SetPallet          0x0000f731    0x48  Code  Gb  drv_glcd.o [1]
GLCD_SetWindow          0x0000f805    0x9c  Code  Gb  drv_glcd.o [1]
GLCD_TextCalcWindow     0x0000f979    0xf4  Code  Lc  drv_glcd.o [1]
GLCD_TextSetPos         0x0000f8a1    0x14  Code  Gb  drv_glcd.o [1]
GpioInit                0x00014151    0xf8  Code  Gb  sys.o [1]
IRQ_Handler             0x00013ea4    0x3c  Code  Gb  sys.o [1]
IRQ_STACK$$Base         0x40000440           --   Gb  - Linker created -
IRQ_STACK$$Limit        0x40000540           --   Gb  - Linker created -
I_RMS                   0x40002cd0     0x4  Data  Gb  interrupt_handlers.o [1]
I_RMS_2_accumulator     0x40002cd4     0x4  Data  Gb  interrupt_handlers.o [1]
I_scale                 0x40002ec0     0x4  Data  Gb  interrupt_handlers.o [1]
I_scale_PP              0x40002eb8     0x4  Data  Gb  interrupt_handlers.o [1]
InitClock               0x00013f6d   0x104  Code  Gb  sys.o [1]
LCD_Config_Screen       0x0000de45    0x3c  Code  Gb  main.o [1]
LCD_Init                0x0000dcbd    0x3c  Code  Gb  main.o [1]
LCD_LPBASE              0xffe10014     0x4  Data  Wk  drv_glcd.o [1]
LCD_Main_Screen         0x0000dcf9   0x14c  Code  Gb  main.o [1]
LCD_PAL_BASE            0xffe10200     0x4  Data  Wk  drv_glcd.o [1]
LCD_SET_WINDOW          0x0000f8b5    0x50  Code  Lc  drv_glcd.o [1]
LCD_Test_Screen         0x0000de81    0x40  Code  Gb  main.o [1]
LCD_UPBASE              0xffe10010     0x4  Data  Wk  drv_glcd.o [1]
LCD_WRITE_PIXEL         0x0000f905    0x74  Code  Lc  drv_glcd.o [1]
P_P_value               0x0000dec1    0xd4  Code  Gb  main.o [1]
P_RMS                   0x40002cd8     0x4  Data  Gb  interrupt_handlers.o [1]
P_RMS_2_accumulator     0x40002cdc     0x4  Data  Gb  interrupt_handlers.o [1]
PhyAddr                 0x40002d4a     0x1  Data  Lc  LPC24xx_enet.o [1]
Prefetch_Handler        0x00018c48          Code  Wk  vectortrap.o [4]
Program_Init            0x0000dc49    0x68  Code  Gb  main.o [1]
RXDESCRIPTOR            0xffe00108     0x4  Data  Wk  LPC24xx_enet.o [1]
RXSTATUS                0xffe0010c     0x4  Data  Wk  LPC24xx_enet.o [1]
Region$$Table$$Base     0x00018464           --   Gb  - Linker created -
Region$$Table$$Limit    0x00018488           --   Gb  - Linker created -
Relay1_Button           0x40002e7c    0x18  Data  Gb  touch_scr.o [1]
Relay1_button_state     0x40002d08     0x4  Data  Gb  main.o [1]
Relay1_button_state_is_changing
                        0x40002d0c     0x4  Data  Gb  main.o [1]
Relay2_Button           0x40002e94    0x18  Data  Gb  touch_scr.o [1]
Relay2_button_state     0x40002d10     0x4  Data  Gb  main.o [1]
Relay2_button_state_is_changing
                        0x40002d14     0x4  Data  Gb  main.o [1]
RxBuff0                 0x7fe00000   0x600  Data  Gb  LPC24xx_enet.o [1]
RxBuff1                 0x7fe00600   0x600  Data  Gb  LPC24xx_enet.o [1]
SDRAM_BASE_ADDR         0xa0000000           --   Gb  command line/config [2]
SDRAM_Init              0x000158e9   0x24c  Code  Gb  sdram_32M_16bit_drv.o [1]
SWI_Handler             0x00018c44          Code  Wk  vectortrap.o [4]
SYS_GetFpclk            0x00014105    0x42  Code  Gb  sys.o [1]
SYS_GetFsclk            0x00014075    0x84  Code  Gb  sys.o [1]
Sys_Init                0x00014249    0x4c  Code  Gb  sys.o [1]
T0MR0                   0xe0004018     0x4  Data  Wk  drv_touch_scr.o [1]
T0PR                    0xe000400c     0x4  Data  Wk  timer.o [1]
T1MR0                   0xe0008018     0x4  Data  Wk  clock-arch.o [1]
T1PR                    0xe000800c     0x4  Data  Wk  clock-arch.o [1]
TXDESCRIPTOR            0xffe0011c     0x4  Data  Wk  LPC24xx_enet.o [1]
TXSTATUS                0xffe00120     0x4  Data  Wk  LPC24xx_enet.o [1]
TabSize                 0x40002eb4     0x4  Data  Lc  drv_glcd.o [1]
Terminal_18_24_12       0x40002e04    0x18  Data  Gb  Terminal_18_24x12.o [1]
Terminal_9_12_6         0x40002e1c    0x18  Data  Gb  Terminal_9_12x6.o [1]
TextBackgndColour       0x40002c9c     0x4  Data  Lc  drv_glcd.o [1]
TextColour              0x40002c98     0x4  Data  Lc  drv_glcd.o [1]
TextStream              0x00003244  0x3000  Data  Lc  Terminal_18_24x12.o [1]
TextStream              0x0000e690   0xc00  Data  Lc  Terminal_9_12x6.o [1]
TextX_Pos               0x40002ca0     0x4  Data  Lc  drv_glcd.o [1]
TextY_Pos               0x40002ca4     0x4  Data  Lc  drv_glcd.o [1]
Ticks                   0x40002c90     0x4  Data  Gb  clock-arch.o [1]
Timer0IntrHandler       0x00013be5   0x254  Code  Gb  interrupt_handlers.o [1]
TouchScrInit            0x0001215d    0xc0  Code  Gb  touch_scr.o [1]
Touch_data              0x40002d54    0x38  Data  Gb  touch_scr.o [1]
TxBuff0                 0x7fe00c00   0x600  Data  Gb  LPC24xx_enet.o [1]
TxBuff1                 0x7fe01200   0x600  Data  Gb  LPC24xx_enet.o [1]
Undefined_Handler       0x00018c40          Code  Wk  vectortrap.o [4]
Up_left_Button          0x40002e4c    0x18  Data  Gb  touch_scr.o [1]
Up_right_Button         0x40002e64    0x18  Data  Gb  touch_scr.o [1]
VICADDRESS              0xffffff00     0x4  Data  Wk  clock-arch.o [1]
VICVECTADDR0            0xfffff100     0x4  Data  Wk  sys.o [1]
VIC_Init                0x00013ee1    0x58  Code  Gb  sys.o [1]
VIC_SetVectoredIRQ      0x00013f39    0x28  Code  Gb  sys.o [1]
V_RMS                   0x40002cc8     0x4  Data  Gb  interrupt_handlers.o [1]
V_RMS_2_accumulator     0x40002ccc     0x4  Data  Gb  interrupt_handlers.o [1]
V_scale                 0x40002ec4     0x4  Data  Gb  interrupt_handlers.o [1]
V_scale_PP              0x40002ebc     0x4  Data  Gb  interrupt_handlers.o [1]
WindX_Size              0x40002cb4     0x4  Data  Lc  drv_glcd.o [1]
WindY_Size              0x40002cb0     0x4  Data  Lc  drv_glcd.o [1]
XL_Win                  0x40002ca8     0x4  Data  Lc  drv_glcd.o [1]
XR_Win                  0x40002eac     0x4  Data  Lc  drv_glcd.o [1]
X_Left                  0x40002ed0     0x4  Data  Gb  main.o [1]
X_Right                 0x40002ed4     0x4  Data  Gb  main.o [1]
YD_Win                  0x40002eb0     0x4  Data  Lc  drv_glcd.o [1]
YU_Win                  0x40002cac     0x4  Data  Lc  drv_glcd.o [1]
Y_Down                  0x40002edc     0x4  Data  Gb  main.o [1]
Y_Up                    0x40002ed8     0x4  Data  Gb  main.o [1]
ZeroCrossing_delays     0x000178a1    0x60  Code  Gb  zerocrossing.o [1]
_A_AD0CR                0xe0034000     0x4  Data  Wk  adc.o [1]
_A_AD0GDR               0xe0034004     0x4  Data  Wk  drv_touch_scr.o [1]
_A_ADDR0                0xe0034010     0x4  Data  Wk  touch_scr.o [1]
_A_ADDR1                0xe0034014     0x4  Data  Wk  touch_scr.o [1]
_A_ADDR2                0xe0034018     0x4  Data  Wk  interrupt_handlers.o [1]
_A_ADDR3                0xe003401c     0x4  Data  Wk  interrupt_handlers.o [1]
_A_ADINTEN              0xe003400c     0x4  Data  Wk  adc.o [1]
_A_CCLKCFG              0xe01fc104     0x4  Data  Wk  sys.o [1]
_A_CLKSRCSEL            0xe01fc10c     0x4  Data  Wk  sys.o [1]
_A_CLRT                 0xffe00010     0x4  Data  Wk  LPC24xx_enet.o [1]
_A_COMMAND              0xffe00100     0x4  Data  Wk  LPC24xx_enet.o [1]
_A_CRSR_CFG             0xffe10c04     0x4  Data  Wk  drv_glcd.o [1]
_A_CRSR_CLIP            0xffe10c14     0x4  Data  Wk  drv_glcd.o [1]
_A_CRSR_CTRL            0xffe10c00     0x4  Data  Wk  drv_glcd.o [1]
_A_CRSR_XY              0xffe10c10     0x4  Data  Wk  drv_glcd.o [1]
_A_DACR                 0xe006c000     0x4  Data  Wk  dac.o [1]
_A_EMCCONTROL           0xffe08000     0x4  Data  Wk  sdram_32M_16bit_drv.o [1]
_A_EMCDINAMICCTRL       0xffe08020     0x4  Data  Wk  sdram_32M_16bit_drv.o [1]
_A_EMCDINAMICRDCFG      0xffe08028     0x4  Data  Wk  sdram_32M_16bit_drv.o [1]
_A_EMCDINAMICRFR        0xffe08024     0x4  Data  Wk  sdram_32M_16bit_drv.o [1]
_A_EMCDYNAMICAPR        0xffe0803c     0x4  Data  Wk  sdram_32M_16bit_drv.o [1]
_A_EMCDYNAMICCFG0       0xffe08100     0x4  Data  Wk  sdram_32M_16bit_drv.o [1]
_A_EMCDYNAMICDAL        0xffe08040     0x4  Data  Wk  sdram_32M_16bit_drv.o [1]
_A_EMCDYNAMICMRD        0xffe08058     0x4  Data  Wk  sdram_32M_16bit_drv.o [1]
_A_EMCDYNAMICRAS        0xffe08034     0x4  Data  Wk  sdram_32M_16bit_drv.o [1]
_A_EMCDYNAMICRASCAS0    0xffe08104     0x4  Data  Wk  sdram_32M_16bit_drv.o [1]
_A_EMCDYNAMICRC         0xffe08048     0x4  Data  Wk  sdram_32M_16bit_drv.o [1]
_A_EMCDYNAMICRFC        0xffe0804c     0x4  Data  Wk  sdram_32M_16bit_drv.o [1]
_A_EMCDYNAMICRP         0xffe08030     0x4  Data  Wk  sdram_32M_16bit_drv.o [1]
_A_EMCDYNAMICRRD        0xffe08054     0x4  Data  Wk  sdram_32M_16bit_drv.o [1]
_A_EMCDYNAMICSREX       0xffe08038     0x4  Data  Wk  sdram_32M_16bit_drv.o [1]
_A_EMCDYNAMICWR         0xffe08044     0x4  Data  Wk  sdram_32M_16bit_drv.o [1]
_A_EMCDYNAMICXSR        0xffe08050     0x4  Data  Wk  sdram_32M_16bit_drv.o [1]
_A_FIO0CLR              0x3fffc01c     0x4  Data  Wk  drv_touch_scr.o [1]
_A_FIO0DIR              0x3fffc000     0x4  Data  Wk  drv_touch_scr.o [1]
_A_FIO0MASK             0x3fffc010     0x4  Data  Wk  sys.o [1]
_A_FIO0PIN              0x3fffc014     0x4  Data  Wk  drv_touch_scr.o [1]
_A_FIO0SET              0x3fffc018     0x4  Data  Wk  drv_touch_scr.o [1]
_A_FIO1DIR              0x3fffc020     0x4  Data  Wk  gpio.o [1]
_A_FIO1MASK             0x3fffc030     0x4  Data  Wk  sys.o [1]
_A_FIO1PIN              0x3fffc034     0x4  Data  Wk  gpio.o [1]
_A_FIO2DIR              0x3fffc040     0x4  Data  Wk  sys.o [1]
_A_FIO2MASK             0x3fffc050     0x4  Data  Wk  sys.o [1]
_A_FIO3DIR              0x3fffc060     0x4  Data  Wk  sys.o [1]
_A_FIO3MASK             0x3fffc070     0x4  Data  Wk  sys.o [1]
_A_FIO4DIR              0x3fffc080     0x4  Data  Wk  sys.o [1]
_A_FIO4MASK             0x3fffc090     0x4  Data  Wk  sys.o [1]
_A_IO0DIR               0xe0028008     0x4  Data  Wk  sys.o [1]
_A_IO0INTCLR            0xe002808c     0x4  Data  Wk  drv_touch_scr.o [1]
_A_IO0INTENR            0xe0028090     0x4  Data  Wk  drv_touch_scr.o [1]
_A_IO1DIR               0xe0028018     0x4  Data  Wk  sys.o [1]
_A_IPGR                 0xffe0000c     0x4  Data  Wk  LPC24xx_enet.o [1]
_A_IPGT                 0xffe00008     0x4  Data  Wk  LPC24xx_enet.o [1]
_A_LCD_CFG              0xe01fc1b8     0x4  Data  Wk  drv_glcd.o [1]
_A_LCD_CTRL             0xffe10018     0x4  Data  Wk  drv_glcd.o [1]
_A_LCD_POL              0xffe10008     0x4  Data  Wk  drv_glcd.o [1]
_A_LCD_TIMH             0xffe10000     0x4  Data  Wk  drv_glcd.o [1]
_A_LCD_TIMV             0xffe10004     0x4  Data  Wk  drv_glcd.o [1]
_A_MAC1                 0xffe00000     0x4  Data  Wk  LPC24xx_enet.o [1]
_A_MAC2                 0xffe00004     0x4  Data  Wk  LPC24xx_enet.o [1]
_A_MADR                 0xffe00028     0x4  Data  Wk  LPC24xx_enet.o [1]
_A_MAMCR                0xe01fc000     0x4  Data  Wk  sys.o [1]
_A_MAMTIM               0xe01fc004     0x4  Data  Wk  sys.o [1]
_A_MAXF                 0xffe00014     0x4  Data  Wk  LPC24xx_enet.o [1]
_A_MCFG                 0xffe00020     0x4  Data  Wk  LPC24xx_enet.o [1]
_A_MCMD                 0xffe00024     0x4  Data  Wk  LPC24xx_enet.o [1]
_A_MIND                 0xffe00034     0x4  Data  Wk  LPC24xx_enet.o [1]
_A_MRDD                 0xffe00030     0x4  Data  Wk  LPC24xx_enet.o [1]
_A_MWTD                 0xffe0002c     0x4  Data  Wk  LPC24xx_enet.o [1]
_A_PCLKSEL0             0xe01fc1a8     0x4  Data  Wk  sys.o [1]
_A_PCLKSEL1             0xe01fc1ac     0x4  Data  Wk  sys.o [1]
_A_PCONP                0xe01fc0c4     0x4  Data  Wk  LPC24xx_enet.o [1]
_A_PINMODE0             0xe002c040     0x4  Data  Wk  drv_glcd.o [1]
_A_PINMODE1             0xe002c044     0x4  Data  Wk  adc.o [1]
_A_PINMODE3             0xe002c04c     0x4  Data  Wk  drv_glcd.o [1]
_A_PINMODE4             0xe002c050     0x4  Data  Wk  drv_glcd.o [1]
_A_PINMODE5             0xe002c054     0x4  Data  Wk  sdram_32M_16bit_drv.o [1]
_A_PINMODE6             0xe002c058     0x4  Data  Wk  sdram_32M_16bit_drv.o [1]
_A_PINMODE8             0xe002c060     0x4  Data  Wk  sdram_32M_16bit_drv.o [1]
_A_PINMODE9             0xe002c064     0x4  Data  Wk  drv_glcd.o [1]
_A_PINSEL0              0xe002c000     0x4  Data  Wk  drv_glcd.o [1]
_A_PINSEL1              0xe002c004     0x4  Data  Wk  adc.o [1]
_A_PINSEL10             0xe002c028     0x4  Data  Wk  sys.o [1]
_A_PINSEL11             0xe002c02c     0x4  Data  Wk  drv_glcd.o [1]
_A_PINSEL2              0xe002c008     0x4  Data  Wk  LPC24xx_enet.o [1]
_A_PINSEL3              0xe002c00c     0x4  Data  Wk  LPC24xx_enet.o [1]
_A_PINSEL4              0xe002c010     0x4  Data  Wk  drv_glcd.o [1]
_A_PINSEL5              0xe002c014     0x4  Data  Wk  sdram_32M_16bit_drv.o [1]
_A_PINSEL6              0xe002c018     0x4  Data  Wk  sdram_32M_16bit_drv.o [1]
_A_PINSEL7              0xe002c01c     0x4  Data  Wk  sys.o [1]
_A_PINSEL8              0xe002c020     0x4  Data  Wk  sdram_32M_16bit_drv.o [1]
_A_PINSEL9              0xe002c024     0x4  Data  Wk  drv_glcd.o [1]
_A_PLLCFG               0xe01fc084     0x4  Data  Wk  sys.o [1]
_A_PLLCON               0xe01fc080     0x4  Data  Wk  sys.o [1]
_A_PLLFEED              0xe01fc08c     0x4  Data  Wk  sys.o [1]
_A_PLLSTAT              0xe01fc088     0x4  Data  Wk  sys.o [1]
_A_POWERDOWN            0xffe00ff4     0x4  Data  Wk  LPC24xx_enet.o [1]
_A_RXCONSUMEINDEX       0xffe00118     0x4  Data  Wk  LPC24xx_enet.o [1]
_A_RXDESCRIPTORNUMBER   0xffe00110     0x4  Data  Wk  LPC24xx_enet.o [1]
_A_RXPRODUCEINDEX       0xffe00114     0x4  Data  Wk  LPC24xx_enet.o [1]
_A_SA0                  0xffe00040     0x4  Data  Wk  LPC24xx_enet.o [1]
_A_SA1                  0xffe00044     0x4  Data  Wk  LPC24xx_enet.o [1]
_A_SA2                  0xffe00048     0x4  Data  Wk  LPC24xx_enet.o [1]
_A_SCS                  0xe01fc1a0     0x4  Data  Wk  sys.o [1]
_A_SUPP                 0xffe00018     0x4  Data  Wk  LPC24xx_enet.o [1]
_A_T0CTCR               0xe0004070     0x4  Data  Wk  timer.o [1]
_A_T0IR                 0xe0004000     0x4  Data  Wk  drv_touch_scr.o [1]
_A_T0MCR                0xe0004014     0x4  Data  Wk  timer.o [1]
_A_T0TCR                0xe0004004     0x4  Data  Wk  drv_touch_scr.o [1]
_A_T1CTCR               0xe0008070     0x4  Data  Wk  clock-arch.o [1]
_A_T1IR                 0xe0008000     0x4  Data  Wk  clock-arch.o [1]
_A_T1MCR                0xe0008014     0x4  Data  Wk  clock-arch.o [1]
_A_T1TCR                0xe0008004     0x4  Data  Wk  clock-arch.o [1]
_A_TEST                 0xffe0001c     0x4  Data  Wk  LPC24xx_enet.o [1]
_A_TXCONSUMEINDEX       0xffe0012c     0x4  Data  Wk  LPC24xx_enet.o [1]
_A_TXDESCRIPTORNUMBER   0xffe00124     0x4  Data  Wk  LPC24xx_enet.o [1]
_A_TXPRODUCEINDEX       0xffe00128     0x4  Data  Wk  LPC24xx_enet.o [1]
_A_USBCLKCFG            0xe01fc108     0x4  Data  Wk  sys.o [1]
_A_VICINTENABLE         0xfffff010     0x4  Data  Wk  clock-arch.o [1]
_A_VICINTENCLEAR        0xfffff014     0x4  Data  Wk  sys.o [1]
_A_VICINTSELECT         0xfffff00c     0x4  Data  Wk  sys.o [1]
_A_VICPROTECTION        0xfffff020     0x4  Data  Wk  sys.o [1]
_A_VICSOFTINTCLEAR      0xfffff01c     0x4  Data  Wk  sys.o [1]
_A_VICVECTPRIORITY0     0xfffff200     0x4  Data  Wk  sys.o [1]
_GenldDefault           0x0000d689   0x27c  Code  Lc  xprintffull.o [3]
_LdtobDefault           0x0000d1e9   0x4a0  Code  Lc  xprintffull.o [3]
_LitobDefault           0x0000d0d5   0x114  Code  Lc  xprintffull.o [3]
_Printf                 0x0000ca35   0x69e  Code  Gb  xprintffull.o [3]
_Prout                  0x0001858b    0x1e  Code  Gb  xprout.o [3]
_PutcharsDefault        0x0000d905    0x3a  Code  Lc  xprintffull.o [3]
_SNProut                0x00018719    0x1c  Code  Gb  xsnprout.o [3]
__aeabi_assert          0x00017f0b    0x56  Code  Gb  xassert.o [3]
__aeabi_cdcmple         0x000180e4          Code  Gb  DblCmpLe.o [4]
__aeabi_cdrcmple        0x00018120          Code  Gb  DblCmpGe.o [4]
__aeabi_cfcmple         0x00018344          Code  Gb  FltCmpLe.o [4]
__aeabi_cfrcmple        0x00018374          Code  Gb  FltCmpGe.o [4]
__aeabi_d2f             0x00017708          Code  Gb  DblToFlt.o [4]
__aeabi_d2iz            0x00017df0          Code  Gb  DblToS32.o [4]
__aeabi_d2uiz           0x000180a4          Code  Gb  DblToU32.o [4]
__aeabi_dadd            0x00016874          Code  Gb  DblAdd.o [4]
__aeabi_ddiv            0x00014d00          Code  Gb  DblDiv.o [4]
__aeabi_dmul            0x00015b38          Code  Gb  DblMul.o [4]
__aeabi_dsub            0x00015d34          Code  Gb  DblSub.o [4]
__aeabi_errno_addr      0x000186a5    0x1c  Code  Gb  errno.o [3]
__aeabi_f2d             0x00017cc0          Code  Gb  FltToDbl.o [4]
__aeabi_f2uiz           0x00018190          Code  Gb  FltToU32.o [4]
__aeabi_fadd            0x00017908          Code  Gb  FltAdd.o [4]
__aeabi_fdiv            0x00016100          Code  Gb  FltDiv.o [4]
__aeabi_fmul            0x00016724          Code  Gb  FltMul.o [4]
__aeabi_fsub            0x00016af0          Code  Gb  FltSub.o [4]
__aeabi_i2d             0x00017eb0          Code  Gb  S32ToDbl.o [4]
__aeabi_i2f             0x00017d28          Code  Gb  S32ToFlt.o [4]
__aeabi_idiv            0x00015f28          Code  Gb  I32DivMod.o [4]
__aeabi_idiv0           0x00018c50          Code  Gb  IntDivZer.o [4]
__aeabi_idivmod         0x00015f28          Code  Gb  I32DivMod.o [4]
__aeabi_ldiv0           0x00018c58          Code  Gb  I64DivZer.o [4]
__aeabi_ldivmod         0x00016d48          Code  Gb  I64DivMod.o [4]
__aeabi_memcpy          0x0001731c          Code  Gb  ABImemcpy.o [4]
__aeabi_memcpy4         0x00017340          Code  Gb  ABImemcpy.o [4]
__aeabi_memcpy8         0x00017340          Code  Gb  ABImemcpy.o [4]
__aeabi_memset          0x00017ae8          Code  Gb  ABImemset.o [4]
__aeabi_ui2d            0x00018b7c          Code  Gb  U32ToDbl.o [4]
__aeabi_ui2f            0x00018a94          Code  Gb  U32ToFlt.o [4]
__aeabi_uidiv           0x00015f38          Code  Gb  I32DivMod.o [4]
__aeabi_uidivmod        0x00015f38          Code  Gb  I32DivMod.o [4]
__aeabi_uldivmod        0x00016d60          Code  Gb  I64DivMod.o [4]
__exit                  0x000186c4    0x1c  Code  Gb  exit.o [5]
__iar_Dnorm             0x00017591    0xc0  Code  Gb  xdnorm.o [3]
__iar_Dscale            0x00016c1d   0x12c  Code  Gb  xdscale.o [3]
__iar_EmptyStepPoint    0x00017f09     0x2  Code  Gb  xassert.o [3]
__iar_Errno             0x40002c8c     0x4  Data  Gb  errno.o [3]
__iar_Memchr            0x00017a50          Code  Gb  memchr.o [4]
__iar_Memset            0x00017ae8          Code  Gb  ABImemset.o [4]
__iar_Memset_word       0x00017af4          Code  Gb  ABImemset.o [4]
__iar_ReportAssert      0x00017b81    0x60  Code  Gb  xreportassert.o [3]
__iar_Strchr            0x0001854c          Code  Gb  strchr.o [4]
__iar_Strrchr           0x0001856d    0x1e  Code  Wk  strrchr.o [3]
__iar_SubNrm            0x00016844          Code  Gb  FltMul.o [4]
__iar_SubNrmP           0x00016840          Code  Gb  FltMul.o [4]
__iar_Tls_setup___iar_Errno
                        0x40002c88     0x4  Data  Gb  errno.o [3]
__iar_copy_init2        0x000183a0    0x2c  Code  Gb  copy_init2.o [4]
__iar_dadd              0x00016884          Code  Gb  DblAdd.o [4]
__iar_data_init2        0x000181c4    0x34  Code  Gb  data_init2.o [4]
__iar_dsub              0x00015d44          Code  Gb  DblSub.o [4]
__iar_dsubStart         0x00015d64          Code  Gb  DblSub.o [4]
__iar_enable_interrupt  0x00018a80          Code  Wk  main.o [1]
__iar_fadd              0x00017914          Code  Gb  FltAdd.o [4]
__iar_fsub              0x00016afc          Code  Gb  FltSub.o [4]
__iar_fsubStart         0x00016b0c          Code  Gb  FltSub.o [4]
__iar_i2d               0x00017eb4          Code  Gb  S32ToDbl.o [4]
__iar_i2f               0x00017d3c          Code  Gb  S32ToFlt.o [4]
__iar_program_start     0x0001800c          Code  Gb  cstartup.o [4]
__iar_return_from_swi   0x00018c54     0x4  Code  Gb  xreturnswi.o [5]
__iar_sh_stdout_close   0x00018288    0x2c  Code  Gb  iarwstd.o [5]
__iar_sh_stdout_handle  0x40002d3c     0x4  Data  Lc  iarwstd.o [5]
__iar_via_R0            0x00018c65          Code  Wk  errno.o [3]
__iar_via_R2            0x00018c61          Code  Wk  httpd.o [1]
__iar_via_R5            0x00018c63          Code  Wk  psock.o [1]
__iar_zero_init2        0x000183cc    0x28  Code  Gb  zero_init2.o [4]
__low_level_init        0x00018c5d     0x4  Code  Gb  low_level_init.o [3]
__vector                0x00000000          Code  Gb  cstartup.o [4]
__vector_0x14           0x00000014          Code  Gb  cstartup.o [4]
_exit                   0x00018aa8          Code  Gb  cexit.o [4]
abort                   0x00018c29     0x8  Code  Gb  abort.o [3]
activate_response_to_relay_buttons
                        0x0000e611    0x80  Code  Gb  main.o [1]
adc_start               0x00016ac5    0x10  Code  Gb  adc.o [1]
adc_stop                0x00016ad5     0xe  Code  Gb  adc.o [1]
all_zeroes_addr         0x00018c38     0x4  Data  Lc  uip.o [1]
alpha                   0x40002ce8     0x4  Data  Gb  main.o [1]
alpha_HP                0x40002cec     0x4  Data  Gb  main.o [1]
arp_table               0x40002b54    0x60  Data  Lc  uip_arp.o [1]
arptime                 0x40002d50     0x1  Data  Lc  uip_arp.o [1]
blink_timer             0x40002cfc     0x4  Data  Gb  main.o [1]
broadcast_ethaddr       0x00018c18     0x8  Data  Lc  uip_arp.o [1]
broadcast_ipaddr        0x00018c3c     0x4  Data  Lc  uip_arp.o [1]
buf_bufto               0x00014633    0x82  Code  Lc  psock.o [1]
buf_setup               0x0001462d     0x6  Code  Lc  psock.o [1]
button_lightgreyPic     0x40002db0    0x1c  Data  Gb  button_lightgrey.o [1]
button_lightgreyStream  0x00000044  0x3200  Data  Gb  button_lightgrey.o [1]
button_relay_off_lightgreyPic
                        0x40002dcc    0x1c  Data  Gb  button_relay_off_lightgrey.o [1]
button_relay_off_lightgreyStream
                        0x00006244  0x2a68  Data  Gb  button_relay_off_lightgrey.o [1]
button_relay_on_lightgreyPic
                        0x40002de8    0x1c  Data  Gb  button_relay_on_lightgrey.o [1]
button_relay_on_lightgreyStream
                        0x00008cac  0x2a68  Data  Gb  button_relay_on_lightgrey.o [1]
c                       0x40002d4c     0x1  Data  Lc  uip.o [1]
c                       0x40002d4f     0x1  Data  Lc  uip_arp.o [1]
calculate_X_RMS         0x00013e3d    0x2c  Code  Gb  interrupt_handlers.o [1]
calculate_frequency     0x00017535    0x4c  Code  Gb  frequency.o [1]
calls                   0x40002e34    0x18  Data  Lc  httpd-cgi.o [1]
change_scr              0x0000e12d   0x1f0  Code  Gb  main.o [1]
check_if_coursor_in_rectangle
                        0x000124bd    0x54  Code  Gb  touch_scr.o [1]
chksum                  0x0000b7c1    0x58  Code  Lc  uip.o [1]
clock_time              0x00018831     0x6  Code  Gb  clock-arch.o [1]
closed                  0x00018c00     0x8  Data  Lc  httpd-cgi.o [1]
closing                 0x00018c08     0x8  Data  Lc  httpd-cgi.o [1]
count                   0x40002c30    0x1c  Data  Lc  httpd-fs.o [1]
dac_timer               0x40002d00     0x4  Data  Gb  main.o [1]
dac_write               0x00018159    0x34  Code  Gb  dac.o [1]
data_404_html           0x00017650    0xb4  Data  Lc  httpd-fs.o [1]
data_acked              0x000146ff    0x58  Code  Lc  psock.o [1]
data_data_xml           0x00015038   0x32c  Data  Lc  httpd-fs.o [1]
data_fade_png           0x000173f0    0xd0  Data  Lc  httpd-fs.o [1]
data_files_shtml        0x00012c30   0x518  Data  Lc  httpd-fs.o [1]
data_footer_html        0x00018508    0x20  Data  Lc  httpd-fs.o [1]
data_header_html        0x00015654   0x294  Data  Lc  httpd-fs.o [1]
data_index_html         0x00015364   0x2f0  Data  Lc  httpd-fs.o [1]
data_oldindex_html      0x00014294   0x398  Data  Lc  httpd-fs.o [1]
data_oldstyle_css       0x000135e0   0x460  Data  Lc  httpd-fs.o [1]
data_processes_shtml    0x00017068    0xe8  Data  Lc  httpd-fs.o [1]
data_stats_shtml        0x00014998   0x364  Data  Lc  httpd-fs.o [1]
data_styles_css         0x00010860   0x8c4  Data  Lc  httpd-fs.o [1]
data_tcp_shtml          0x00017150    0xe4  Data  Lc  httpd-fs.o [1]
data_transform_xsl      0x0000fdf0   0xa70  Data  Lc  httpd-fs.o [1]
detect_ZeroCrossing     0x0001785d    0x42  Code  Gb  zerocrossing.o [1]
div                     0x000183f5    0x28  Code  Gb  div.o [3]
enable_line_of_text     0x0000e38d   0x138  Code  Gb  main.o [1]
established             0x00018b18     0xc  Data  Lc  httpd-cgi.o [1]
exit                    0x00018c31     0x6  Code  Gb  exit.o [3]
f_out                   0x40002cf4     0x4  Data  Gb  main.o [1]
file                    0x00018bd8     0x8  Data  Lc  httpd-cgi.o [1]
file_404_html           0x000188cc    0x14  Data  Gb  httpd-fs.o [1]
file_data_xml           0x000188e0    0x14  Data  Gb  httpd-fs.o [1]
file_fade_png           0x000188f4    0x14  Data  Gb  httpd-fs.o [1]
file_files_shtml        0x00018908    0x14  Data  Gb  httpd-fs.o [1]
file_footer_html        0x0001891c    0x14  Data  Gb  httpd-fs.o [1]
file_header_html        0x00018930    0x14  Data  Gb  httpd-fs.o [1]
file_index_html         0x00018944    0x14  Data  Gb  httpd-fs.o [1]
file_oldindex_html      0x00018958    0x14  Data  Gb  httpd-fs.o [1]
file_oldstyle_css       0x0001896c    0x14  Data  Gb  httpd-fs.o [1]
file_processes_shtml    0x00018980    0x14  Data  Gb  httpd-fs.o [1]
file_stats              0x00012769    0x58  Code  Lc  httpd-cgi.o [1]
file_stats_shtml        0x00018994    0x14  Data  Gb  httpd-fs.o [1]
file_styles_css         0x000189a8    0x14  Data  Gb  httpd-fs.o [1]
file_tcp_shtml          0x000189bc    0x14  Data  Gb  httpd-fs.o [1]
file_transform_xsl      0x000189d0    0x14  Data  Gb  httpd-fs.o [1]
fin_wait_1              0x00018b24     0xc  Data  Lc  httpd-cgi.o [1]
fin_wait_2              0x00018b30     0xc  Data  Lc  httpd-cgi.o [1]
frequency               0x40002cf0     0x4  Data  Gb  main.o [1]
generate_file_stats     0x00012739    0x30  Code  Lc  httpd-cgi.o [1]
generate_net_stats      0x00012b85    0x3c  Code  Lc  httpd-cgi.o [1]
generate_part_of_file   0x00011125    0x40  Code  Lc  httpd.o [1]
generate_tcp_stats      0x000127c1    0xf0  Code  Lc  httpd-cgi.o [1]
generate_xml_configuration
                        0x000129a5    0x54  Code  Lc  httpd-cgi.o [1]
generate_xml_tcp_stats  0x000128b1    0xf0  Code  Lc  httpd-cgi.o [1]
handle_connection       0x000118dd    0x20  Code  Lc  httpd.o [1]
handle_input            0x000117b5   0x128  Code  Lc  httpd.o [1]
handle_output           0x0001165d   0x158  Code  Lc  httpd.o [1]
handle_script           0x0001125d   0x17c  Code  Lc  httpd.o [1]
htons                   0x0000c9cd    0x10  Code  Gb  uip.o [1]
http_404_html           0x00018ad0     0xc  Data  Gb  http-strings.o [1]
http_content_type_binary
                        0x00018314    0x2c  Data  Gb  http-strings.o [1]
http_content_type_css   0x00018634    0x1c  Data  Gb  http-strings.o [1]
http_content_type_gif   0x0001866c    0x1c  Data  Gb  http-strings.o [1]
http_content_type_html  0x000185e0    0x1c  Data  Gb  http-strings.o [1]
http_content_type_jpg   0x000184e8    0x20  Data  Gb  http-strings.o [1]
http_content_type_plain
                        0x000184c8    0x20  Data  Gb  http-strings.o [1]
http_content_type_png   0x00018650    0x1c  Data  Gb  http-strings.o [1]
http_content_type_xml   0x000185fc    0x1c  Data  Gb  http-strings.o [1]
http_content_type_xsl   0x00018618    0x1c  Data  Gb  http-strings.o [1]
http_css                0x00018bb0     0x8  Data  Gb  http-strings.o [1]
http_get                0x00018b88     0x8  Data  Gb  http-strings.o [1]
http_gif                0x00018bc0     0x8  Data  Gb  http-strings.o [1]
http_header_200         0x00017f60    0x54  Data  Gb  http-strings.o [1]
http_header_404         0x00017e50    0x5c  Data  Gb  http-strings.o [1]
http_html               0x00018b90     0x8  Data  Gb  http-strings.o [1]
http_index_html         0x00018ac4     0xc  Data  Gb  http-strings.o [1]
http_jpg                0x00018bc8     0x8  Data  Gb  http-strings.o [1]
http_png                0x00018bb8     0x8  Data  Gb  http-strings.o [1]
http_referer            0x00018adc     0xc  Data  Gb  http-strings.o [1]
http_shtml              0x00018ba8     0x8  Data  Gb  http-strings.o [1]
http_xml                0x00018b98     0x8  Data  Gb  http-strings.o [1]
http_xsl                0x00018ba0     0x8  Data  Gb  http-strings.o [1]
httpd_appcall           0x000118fd    0x94  Code  Gb  httpd.o [1]
httpd_cgi               0x000126f5    0x44  Code  Gb  httpd-cgi.o [1]
httpd_fs_count          0x000172d5    0x3a  Code  Gb  httpd-fs.o [1]
httpd_fs_open           0x0001727f    0x56  Code  Gb  httpd-fs.o [1]
httpd_fs_strcmp         0x00017235    0x4a  Code  Lc  httpd-fs.o [1]
httpd_init              0x00011991    0x10  Code  Gb  httpd.o [1]
httpd_tick              0x00018825     0xc  Code  Gb  clock-arch.o [1]
httpd_tick_count        0x40002ce0     0x4  Data  Gb  interrupt_handlers.o [1]
i                       0x40002d4e     0x1  Data  Lc  uip_arp.o [1]
initialize_adc          0x000169b5   0x110  Code  Gb  adc.o [1]
initialize_led          0x0001644d    0x40  Code  Gb  gpio.o [1]
initialize_relays       0x0001648d    0x3c  Code  Gb  gpio.o [1]
initialize_timer        0x000165c9    0xa8  Code  Gb  timer.o [1]
ipaddr                  0x40002d38     0x4  Data  Lc  uip_arp.o [1]
ipid                    0x40002d44     0x2  Data  Lc  uip.o [1]
iss                     0x40002d30     0x4  Data  Lc  uip.o [1]
last_ack                0x00018b48     0xc  Data  Lc  httpd-cgi.o [1]
lastport                0x40002d46     0x2  Data  Lc  uip.o [1]
linear_inerpolaion      0x40002ecc     0x4  Data  Gb  main.o [1]
load_scr_graphics       0x0000e31d    0x70  Code  Gb  main.o [1]
main                    0x0000d941   0x2e8  Code  Gb  main.o [1]
memchr                  0x00017a50          Code  Gb  memchr.o [4]
memcpy                  0x000186e1    0x1c  Code  Wk  LPC24xx_enet.o [1]
memset                  0x000186fd    0x1c  Code  Wk  uip_arp.o [1]
net                     0x00018bf8     0x8  Data  Lc  httpd-cgi.o [1]
net_stats               0x00012bc1    0x70  Code  Lc  httpd-cgi.o [1]
next_scriptstate        0x00011227    0x36  Code  Lc  httpd.o [1]
nullfunction            0x000126d5    0x20  Code  Lc  httpd-cgi.o [1]
opt                     0x40002d4d     0x1  Data  Lc  uip.o [1]
out                     0x00017b65    0x1a  Code  Lc  xreportassert.o [3]
pCurrFont               0x40002c94     0x4  Data  Lc  drv_glcd.o [1]
pPix                    0x40002cc4     0x4  Data  Lc  drv_glcd.o [1]
pWind                   0x40002cc0     0x4  Data  Lc  drv_glcd.o [1]
printf                  0x00018529    0x20  Code  Gb  printf.o [3]
psock_datalen           0x00014869     0xc  Code  Gb  psock.o [1]
psock_generator_send    0x000147d5    0x8e  Code  Gb  psock.o [1]
psock_init              0x00014961    0x36  Code  Gb  psock.o [1]
psock_newdata           0x00014875    0x3a  Code  Gb  psock.o [1]
psock_readto            0x000148b5    0xac  Code  Gb  psock.o [1]
psock_send              0x0001475d    0x78  Code  Gb  psock.o [1]
putchar                 0x0000fa6d   0x2f4  Code  Gb  drv_glcd.o [1]
real_time               0x40002c74     0xc  Data  Gb  timer.o [1]
relays_status           0x00016551    0x3a  Code  Gb  gpio.o [1]
screen_state            0x40002d04     0x4  Data  Gb  main.o [1]
screen_state_is_changing
                        0x40002ee0     0x4  Data  Gb  main.o [1]
send_data               0x000146b5    0x4a  Code  Lc  psock.o [1]
send_file               0x00011165    0x74  Code  Lc  httpd.o [1]
send_headers            0x000113dd   0x280  Code  Lc  httpd.o [1]
send_part_of_file       0x000111d9    0x4e  Code  Lc  httpd.o [1]
set_touch_meassure_ch   0x0001226d   0x1e0  Code  Gb  touch_scr.o [1]
snprintf                0x0001805d    0x44  Code  Gb  snprintf.o [3]
sqrt                    0x000162c9   0x184  Code  Gb  sqrt.o [3]
states                  0x40002d8c    0x24  Data  Lc  httpd-cgi.o [1]
strchr                  0x0001854c          Code  Gb  strchr.o [4]
strcpy                  0x00017c50          Code  Gb  strcpy.o [4]
strlen                  0x00017fb8          Code  Gb  strlen.o [4]
strncmp                 0x000182b9    0x30  Code  Wk  strncmp.o [3]
strncpy                 0x000179b0          Code  Gb  strncpy.o [4]
strrchr                 0x0001883d    0x18  Code  Wk  httpd.o [1]
switch_touch_meassure_channel
                        0x00012475    0x48  Code  Gb  touch_scr.o [1]
syn_rcvd                0x00018b00     0xc  Data  Lc  httpd-cgi.o [1]
syn_sent                0x00018b0c     0xc  Data  Lc  httpd-cgi.o [1]
tapdev_init             0x000119a1   0x5d4  Code  Gb  LPC24xx_enet.o [1]
tapdev_read             0x00011f75    0x7c  Code  Gb  LPC24xx_enet.o [1]
tapdev_send             0x00011ff1    0x90  Code  Gb  LPC24xx_enet.o [1]
tcp                     0x00018be0     0x8  Data  Lc  httpd-cgi.o [1]
tcp_stats               0x00012a05    0x80  Code  Lc  httpd-cgi.o [1]
tcp_xml                 0x00018be8     0x8  Data  Lc  httpd-cgi.o [1]
tick_count              0x40002cf8     0x4  Data  Gb  main.o [1]
time_wait               0x00018b3c     0xc  Data  Lc  httpd-cgi.o [1]
timer0_interrupt_reset  0x00016671     0xe  Code  Gb  timer.o [1]
timer_expired           0x000166ff    0x22  Code  Gb  timer.o [1]
timer_reset             0x000166f5     0xa  Code  Gb  timer.o [1]
timer_set               0x000166dd    0x18  Code  Gb  timer.o [1]
tmp16                   0x40002d48     0x2  Data  Lc  uip.o [1]
tmpage                  0x40002d51     0x1  Data  Lc  uip_arp.o [1]
toggle_led              0x00016591    0x34  Code  Gb  gpio.o [1]
toggle_relays           0x000164c9    0x80  Code  Gb  gpio.o [1]
touch_scr_detect_touch  0x00012225    0x42  Code  Gb  touch_scr.o [1]
uip_acc32               0x40002d34     0x4  Data  Gb  uip.o [1]
uip_add32               0x0000b715    0x9c  Code  Gb  uip.o [1]
uip_add_rcv_nxt         0x0000b995    0x58  Code  Lc  uip.o [1]
uip_appdata             0x40002d24     0x4  Data  Gb  uip.o [1]
uip_arp_arpin           0x000132ed    0xd4  Code  Gb  uip_arp.o [1]
uip_arp_out             0x000133f9   0x1e8  Code  Gb  uip_arp.o [1]
uip_arp_timer           0x00013149    0x60  Code  Gb  uip_arp.o [1]
uip_arp_update          0x000131ad   0x134  Code  Lc  uip_arp.o [1]
uip_buf                 0x40002560   0x5f4  Data  Gb  uip.o [1]
uip_conn                0x40002d2c     0x4  Data  Gb  uip.o [1]
uip_conns               0x40000580  0x1fe0  Data  Gb  uip.o [1]
uip_draddr              0x40002d1c     0x4  Data  Gb  uip.o [1]
uip_ethaddr             0x00018c10     0x8  Data  Gb  uip.o [1]
uip_flags               0x40002d4b     0x1  Data  Gb  uip.o [1]
uip_hostaddr            0x40002d18     0x4  Data  Gb  uip.o [1]
uip_init                0x0000b8d7    0x62  Code  Gb  uip.o [1]
uip_ipchksum            0x0000b819    0x30  Code  Gb  uip.o [1]
uip_len                 0x40002d40     0x2  Data  Gb  uip.o [1]
uip_listen              0x0000b94d    0x48  Code  Gb  uip.o [1]
uip_listenports         0x40002bb4    0x50  Data  Gb  uip.o [1]
uip_netmask             0x40002d20     0x4  Data  Gb  uip.o [1]
uip_process             0x0000b9ed   0xfe0  Code  Gb  uip.o [1]
uip_sappdata            0x40002d28     0x4  Data  Gb  uip.o [1]
uip_send                0x0000c9dd    0x38  Code  Gb  uip.o [1]
uip_slen                0x40002d42     0x2  Data  Gb  uip.o [1]
uip_stat                0x40002c04    0x2c  Data  Gb  uip.o [1]
uip_tcpchksum           0x0000b8c9     0xe  Code  Gb  uip.o [1]
update_alpha            0x00016f71    0x80  Code  Gb  filter.o [1]
update_real_time        0x00016685    0x58  Code  Gb  timer.o [1]
update_relay_buttons_state
                        0x0000e4c5   0x14c  Code  Gb  main.o [1]
update_scr_state        0x0000df95   0x198  Code  Gb  main.o [1]
update_touch_coordinates
                        0x00012511   0x1c4  Code  Gb  touch_scr.o [1]
upper_layer_chksum      0x0000b851    0x62  Code  Lc  uip.o [1]
xml_configuration       0x00018bf0     0x8  Data  Lc  httpd-cgi.o [1]
xml_configuration_send  0x00012b05    0x80  Code  Lc  httpd-cgi.o [1]
xml_tcp_stats           0x00012a85    0x80  Code  Lc  httpd-cgi.o [1]
zero_crossing_detection_level
                        0x40002ee4     0x4  Data  Gb  zerocrossing.o [1]


[1] = C:\31070\v1\MyProject\Debug\Obj
[2] = command line
[3] = dl4t_tl_in.a
[4] = rt4t_al.a
[5] = shs_l.a

  36 758 bytes of readonly  code memory
  65 118 bytes of readonly  data memory
  18 142 bytes of readwrite data memory

Errors: none
Warnings: none
