###############################################################################
#                                                                             #
# IAR ELF Linker V5.30.2.51295/W32 for ARM              07/Jan/2010  09:00:03 #
# Copyright 2007-2009 IAR Systems AB.                                         #
#                                                                             #
#    Output file  =  C:\31070\v1\MyProject\Debug\Exe\MyProject.out.tmp        #
#    Map file     =  C:\31070\v1\MyProject\Debug\List\MyProject.map           #
#    Command line =  C:\31070\v1\MyProject\Debug\Obj\main.o                   #
#                    C:\31070\v1\MyProject\Debug\Obj\sdram_32M_16bit_drv.o    #
#                    C:\31070\v1\MyProject\Debug\Obj\sys.o -o                 #
#                    C:\31070\v1\MyProject\Debug\Exe\MyProject.out.tmp --map  #
#                    C:\31070\v1\MyProject\Debug\List\MyProject.map --config  #
#                    C:\31070\v1\MyProject\config\LPC2478_Flash.icf           #
#                    --semihosting --entry __iar_program_start                #
#                                                                             #
#                                                                             #
###############################################################################

*******************************************************************************
*** RUNTIME MODEL ATTRIBUTES
***

__endian      = little
__thumb_aware = enabled


*******************************************************************************
*** PLACEMENT SUMMARY
***

"A1":  place at mem:0x0 { ro section .intvec };
"P1":  place in [from mem:0x44 to mem:0x7ffff] { ro };
"P2":  place in [from mem:0x40000040 to mem:0x4000ffff] {
          rw, block CSTACK, block SVC_STACK, block IRQ_STACK, block FIQ_STACK,
          block UND_STACK, block ABT_STACK, block HEAP };

  Section            Kind        Address    Size  Object
  -------            ----        -------    ----  ------
"A1":                                       0x3c
  .intvec            ro code  0x00000000    0x3c  cstartup.o [4]
                            - 0x0000003c    0x3c

"P1":                                     0x1fa4
  .text              ro code  0x00000044   0x5cc  main.o [1]
  .text              ro code  0x00000610   0x3f4  sys.o [1]
  Veneer             ro code  0x00000a04     0x4  - Linker created -
  .text              ro code  0x00000a08   0x338  DblDiv.o [4]
  .text              ro code  0x00000d40   0x24c  sdram_32M_16bit_drv.o [1]
  Veneer             ro code  0x00000f8c     0x4  - Linker created -
  .text              ro code  0x00000f90   0x1f8  DblMul.o [4]
  Veneer             ro code  0x00001188     0x4  - Linker created -
  .text              ro code  0x0000118c   0x1f0  DblSub.o [4]
  Veneer             ro code  0x0000137c     0x4  - Linker created -
  .text              ro code  0x00001380   0x1c8  FltDiv.o [4]
  Veneer             ro code  0x00001548     0x4  - Linker created -
  .text              ro code  0x0000154c   0x1c4  I32DivMod.o [4]
  Veneer             ro code  0x00001710     0x4  - Linker created -
  .text              ro code  0x00001714   0x14c  FltMul.o [4]
  Veneer             ro code  0x00001860     0x4  - Linker created -
  .text              ro code  0x00001864   0x140  DblAdd.o [4]
  Veneer             ro code  0x000019a4     0x4  - Linker created -
  .text              ro code  0x000019a8   0x12c  FltSub.o [4]
  Veneer             ro code  0x00001ad4     0x4  - Linker created -
  .text              ro code  0x00001ad8    0xac  DblToFlt.o [4]
  Veneer             ro code  0x00001b84     0x4  - Linker created -
  .text              ro code  0x00001b88    0xa4  FltAdd.o [4]
  Veneer             ro code  0x00001c2c     0x4  - Linker created -
  .text              ro code  0x00001c30    0x64  FltToDbl.o [4]
  .text              ro code  0x00001c94    0x64  S32ToFlt.o [4]
  Veneer             ro code  0x00001cf8     0x4  - Linker created -
  .text              ro code  0x00001cfc    0x58  S32ToDbl.o [4]
  .text              ro code  0x00001d54    0x50  cstartup.o [4]
  Veneer             ro code  0x00001da4     0x4  - Linker created -
  .text              ro code  0x00001da8    0x34  FltToU32.o [4]
  .text              ro code  0x00001ddc    0x34  data_init2.o [4]
  .text              ro code  0x00001e10    0x30  iarwstd.o [5]
  Veneer             ro code  0x00001e40     0x4  - Linker created -
  .text              ro code  0x00001e44    0x2c  FltCmpLe.o [4]
  Veneer             ro code  0x00001e70     0x4  - Linker created -
  .text              ro code  0x00001e74    0x2c  FltCmpGe.o [4]
  .text              ro code  0x00001ea0    0x2c  copy_init2.o [4]
  .text              ro code  0x00001ecc    0x28  zero_init2.o [4]
  Veneer             ro code  0x00001ef4     0xc  - Linker created -
  Veneer             ro code  0x00001f00     0xc  - Linker created -
  Veneer             ro code  0x00001f0c     0xc  - Linker created -
  .text              ro code  0x00001f18    0x24  cmain.o [4]
  .iar.init_table    const    0x00001f3c    0x24  - Linker created -
  .text              ro code  0x00001f60    0x1c  exit.o [5]
  Veneer             ro code  0x00001f7c     0x4  - Linker created -
  .text              ro code  0x00001f80    0x10  main.o [1]
  Veneer             ro code  0x00001f90     0x4  - Linker created -
  .text              ro code  0x00001f94    0x10  U32ToFlt.o [4]
  Veneer             ro code  0x00001fa4     0x4  - Linker created -
  .text              ro code  0x00001fa8    0x10  cexit.o [4]
  .text              ro code  0x00001fb8     0x6  exit.o [3]
  .text              ro code  0x00001fc0     0x4  vectortrap.o [4]
  .text              ro code  0x00001fc4     0x4  vectortrap.o [4]
  .text              ro code  0x00001fc8     0x4  vectortrap.o [4]
  .text              ro code  0x00001fcc     0x4  vectortrap.o [4]
  .text              ro code  0x00001fd0     0x4  IntDivZer.o [4]
  .text              ro code  0x00001fd4     0x4  xreturnswi.o [5]
  .text              ro code  0x00001fd8     0x4  low_level_init.o [3]
  Initializer bytes  ro data  0x00001fdc     0xc  <for P2 s0>
                            - 0x00001fe8  0x1fa4

"P2", part 1 of 3:                         0x540
  CSTACK                      0x40000040   0x400  <Block>
    CSTACK           uninit   0x40000040   0x400  <Block tail>
  IRQ_STACK                   0x40000440   0x100  <Block>
    IRQ_STACK        uninit   0x40000440   0x100  <Block tail>
  FIQ_STACK                   0x40000540    0x40  <Block>
    FIQ_STACK        uninit   0x40000540    0x40  <Block tail>
                            - 0x40000580   0x540

"P2", part 2 of 3:                          0x28
  .bss               zero     0x40000580     0x8  main.o [1]
  .bss               zero     0x40000588     0x8  main.o [1]
  .bss               zero     0x40000590     0x4  main.o [1]
  .bss               zero     0x40000594     0x4  main.o [1]
  .bss               zero     0x40000598     0x4  main.o [1]
  .bss               zero     0x4000059c     0x4  main.o [1]
  .bss               zero     0x400005a0     0x4  main.o [1]
  .bss               zero     0x400005a4     0x4  iarwstd.o [5]
                            - 0x400005a8    0x28

"P2", part 3 of 3:                           0xc
  P2 s0                       0x400005a8     0xc  <Init block>
    .data            inited   0x400005a8     0x4  main.o [1]
    .data            inited   0x400005ac     0x4  main.o [1]
    .data            inited   0x400005b0     0x4  main.o [1]
                            - 0x400005b4     0xc


*******************************************************************************
*** INIT TABLE
***

          Address     Size
          -------     ----
Zero (__iar_zero_init2)
    1 destination range, total size 0x28:
          0x40000580  0x28

Copy (__iar_copy_init2)
    1 source range, total size 0xc (100% of destination):
              0x1fdc   0xc
    1 destination range, total size 0xc:
          0x400005a8   0xc


*******************************************************************************
*** MODULE SUMMARY
***

    Module                 ro code  ro data  rw data
    ------                 -------  -------  -------
C:\31070\v1\MyProject\Debug\Obj: [1]
    main.o                   1 500       12       48
    sdram_32M_16bit_drv.o      588
    sys.o                    1 012
    ------------------------------------------------
    Total:                   3 100       12       48

command line: [2]
    ------------------------------------------------
    Total:

dl4t_tl_in.a: [3]
    exit.o                       6
    low_level_init.o             4
    ------------------------------------------------
    Total:                      10

rt4t_al.a: [4]
    DblAdd.o                   320
    DblDiv.o                   824
    DblMul.o                   504
    DblSub.o                   496
    DblToFlt.o                 172
    FltAdd.o                   164
    FltCmpGe.o                  44
    FltCmpLe.o                  44
    FltDiv.o                   456
    FltMul.o                   332
    FltSub.o                   300
    FltToDbl.o                 100
    FltToU32.o                  52
    I32DivMod.o                452
    IntDivZer.o                  4
    S32ToDbl.o                  88
    S32ToFlt.o                 100
    U32ToFlt.o                  16
    cexit.o                     16
    cmain.o                     36
    copy_init2.o                44
    cstartup.o                 140
    data_init2.o                52
    vectortrap.o                16
    zero_init2.o                40
    ------------------------------------------------
    Total:                   4 812

shs_l.a: [5]
    exit.o                      28
    iarwstd.o                   48                 4
    xreturnswi.o                 4
    ------------------------------------------------
    Total:                      80                 4

    Gaps                         2
    Linker created             108       36    1 344
----------------------------------------------------
    Grand Total:             8 112       48    1 396


*******************************************************************************
*** ENTRY LIST
***

Entry                      Address   Size  Type      Object
-----                      -------   ----  ----      ------
?main                   0x00001f18         Code  Gb  cmain.o [4]
ADC_Intr_Handler        0x000002d5   0x38  Code  Gb  main.o [1]
AD_zerocrossing_delay   0x40000588    0x8  Data  Gb  main.o [1]
ADdata                  0x40000580    0x8  Data  Gb  main.o [1]
ADfilter                0x0000044d   0x60  Code  Gb  main.o [1]
Abort_Handler           0x00001fcc         Code  Wk  vectortrap.o [4]
CSTACK$$Base            0x40000040          --   Gb  - Linker created -
CSTACK$$Limit           0x40000440          --   Gb  - Linker created -
Data                    0x400005a8    0x4  Data  Gb  main.o [1]
FIQ_Handler             0x00000610    0x4  Code  Gb  sys.o [1]
FIQ_STACK$$Base         0x40000540          --   Gb  - Linker created -
FIQ_STACK$$Limit        0x40000580          --   Gb  - Linker created -
Frequency_with_interpolation
                        0x00000575   0x64  Code  Gb  main.o [1]
Frequency_without_interpolation
                        0x000005d9   0x38  Code  Gb  main.o [1]
GpioInit                0x000008c1   0xf8  Code  Gb  sys.o [1]
IRQ_Handler             0x00000614   0x3c  Code  Gb  sys.o [1]
IRQ_STACK$$Base         0x40000440          --   Gb  - Linker created -
IRQ_STACK$$Limit        0x40000540          --   Gb  - Linker created -
InitClock               0x000006dd  0x104  Code  Gb  sys.o [1]
Prefetch_Handler        0x00001fc8         Code  Wk  vectortrap.o [4]
Region$$Table$$Base     0x00001f3c          --   Gb  - Linker created -
Region$$Table$$Limit    0x00001f60          --   Gb  - Linker created -
SDRAM_BASE_ADDR         0xa0000000          --   Gb  command line/config [2]
SDRAM_Init              0x00000d41  0x24c  Code  Gb  sdram_32M_16bit_drv.o [1]
SWI_Handler             0x00001fc4         Code  Wk  vectortrap.o [4]
SYS_GetFpclk            0x00000875   0x42  Code  Gb  sys.o [1]
SYS_GetFsclk            0x000007e5   0x84  Code  Gb  sys.o [1]
Sys_Init                0x000009b9   0x4c  Code  Gb  sys.o [1]
T0MR0                   0xe0004018    0x4  Data  Wk  main.o [1]
T0PR                    0xe000400c    0x4  Data  Wk  main.o [1]
Timer0IntrHandler       0x0000031d  0x120  Code  Gb  main.o [1]
Undefined_Handler       0x00001fc0         Code  Wk  vectortrap.o [4]
VICADDRESS              0xffffff00    0x4  Data  Wk  main.o [1]
VICVECTADDR0            0xfffff100    0x4  Data  Wk  sys.o [1]
VIC_Init                0x00000651   0x58  Code  Gb  sys.o [1]
VIC_SetVectoredIRQ      0x000006a9   0x28  Code  Gb  sys.o [1]
ZeroCrossing_delays     0x000004f9   0x7c  Code  Gb  main.o [1]
_A_AD0CR                0xe0034000    0x4  Data  Wk  main.o [1]
_A_AD0GDR               0xe0034004    0x4  Data  Wk  main.o [1]
_A_CCLKCFG              0xe01fc104    0x4  Data  Wk  sys.o [1]
_A_CLKSRCSEL            0xe01fc10c    0x4  Data  Wk  sys.o [1]
_A_DACR                 0xe006c000    0x4  Data  Wk  main.o [1]
_A_EMCCONTROL           0xffe08000    0x4  Data  Wk  sdram_32M_16bit_drv.o [1]
_A_EMCDINAMICCTRL       0xffe08020    0x4  Data  Wk  sdram_32M_16bit_drv.o [1]
_A_EMCDINAMICRDCFG      0xffe08028    0x4  Data  Wk  sdram_32M_16bit_drv.o [1]
_A_EMCDINAMICRFR        0xffe08024    0x4  Data  Wk  sdram_32M_16bit_drv.o [1]
_A_EMCDYNAMICAPR        0xffe0803c    0x4  Data  Wk  sdram_32M_16bit_drv.o [1]
_A_EMCDYNAMICCFG0       0xffe08100    0x4  Data  Wk  sdram_32M_16bit_drv.o [1]
_A_EMCDYNAMICDAL        0xffe08040    0x4  Data  Wk  sdram_32M_16bit_drv.o [1]
_A_EMCDYNAMICMRD        0xffe08058    0x4  Data  Wk  sdram_32M_16bit_drv.o [1]
_A_EMCDYNAMICRAS        0xffe08034    0x4  Data  Wk  sdram_32M_16bit_drv.o [1]
_A_EMCDYNAMICRASCAS0    0xffe08104    0x4  Data  Wk  sdram_32M_16bit_drv.o [1]
_A_EMCDYNAMICRC         0xffe08048    0x4  Data  Wk  sdram_32M_16bit_drv.o [1]
_A_EMCDYNAMICRFC        0xffe0804c    0x4  Data  Wk  sdram_32M_16bit_drv.o [1]
_A_EMCDYNAMICRP         0xffe08030    0x4  Data  Wk  sdram_32M_16bit_drv.o [1]
_A_EMCDYNAMICRRD        0xffe08054    0x4  Data  Wk  sdram_32M_16bit_drv.o [1]
_A_EMCDYNAMICSREX       0xffe08038    0x4  Data  Wk  sdram_32M_16bit_drv.o [1]
_A_EMCDYNAMICWR         0xffe08044    0x4  Data  Wk  sdram_32M_16bit_drv.o [1]
_A_EMCDYNAMICXSR        0xffe08050    0x4  Data  Wk  sdram_32M_16bit_drv.o [1]
_A_FIO0DIR              0x3fffc000    0x4  Data  Wk  sys.o [1]
_A_FIO0MASK             0x3fffc010    0x4  Data  Wk  sys.o [1]
_A_FIO1DIR              0x3fffc020    0x4  Data  Wk  main.o [1]
_A_FIO1MASK             0x3fffc030    0x4  Data  Wk  sys.o [1]
_A_FIO1PIN              0x3fffc034    0x4  Data  Wk  main.o [1]
_A_FIO2DIR              0x3fffc040    0x4  Data  Wk  sys.o [1]
_A_FIO2MASK             0x3fffc050    0x4  Data  Wk  sys.o [1]
_A_FIO3DIR              0x3fffc060    0x4  Data  Wk  sys.o [1]
_A_FIO3MASK             0x3fffc070    0x4  Data  Wk  sys.o [1]
_A_FIO4DIR              0x3fffc080    0x4  Data  Wk  sys.o [1]
_A_FIO4MASK             0x3fffc090    0x4  Data  Wk  sys.o [1]
_A_IO0DIR               0xe0028008    0x4  Data  Wk  sys.o [1]
_A_IO1DIR               0xe0028018    0x4  Data  Wk  sys.o [1]
_A_MAMCR                0xe01fc000    0x4  Data  Wk  sys.o [1]
_A_MAMTIM               0xe01fc004    0x4  Data  Wk  sys.o [1]
_A_PCLKSEL0             0xe01fc1a8    0x4  Data  Wk  sys.o [1]
_A_PCLKSEL1             0xe01fc1ac    0x4  Data  Wk  sys.o [1]
_A_PCONP                0xe01fc0c4    0x4  Data  Wk  main.o [1]
_A_PINMODE1             0xe002c044    0x4  Data  Wk  main.o [1]
_A_PINMODE5             0xe002c054    0x4  Data  Wk  sdram_32M_16bit_drv.o [1]
_A_PINMODE6             0xe002c058    0x4  Data  Wk  sdram_32M_16bit_drv.o [1]
_A_PINMODE8             0xe002c060    0x4  Data  Wk  sdram_32M_16bit_drv.o [1]
_A_PINMODE9             0xe002c064    0x4  Data  Wk  sdram_32M_16bit_drv.o [1]
_A_PINSEL0              0xe002c000    0x4  Data  Wk  sys.o [1]
_A_PINSEL1              0xe002c004    0x4  Data  Wk  main.o [1]
_A_PINSEL10             0xe002c028    0x4  Data  Wk  sys.o [1]
_A_PINSEL2              0xe002c008    0x4  Data  Wk  sys.o [1]
_A_PINSEL3              0xe002c00c    0x4  Data  Wk  sys.o [1]
_A_PINSEL4              0xe002c010    0x4  Data  Wk  sys.o [1]
_A_PINSEL5              0xe002c014    0x4  Data  Wk  sdram_32M_16bit_drv.o [1]
_A_PINSEL6              0xe002c018    0x4  Data  Wk  sdram_32M_16bit_drv.o [1]
_A_PINSEL7              0xe002c01c    0x4  Data  Wk  sys.o [1]
_A_PINSEL8              0xe002c020    0x4  Data  Wk  sdram_32M_16bit_drv.o [1]
_A_PINSEL9              0xe002c024    0x4  Data  Wk  sdram_32M_16bit_drv.o [1]
_A_PLLCFG               0xe01fc084    0x4  Data  Wk  sys.o [1]
_A_PLLCON               0xe01fc080    0x4  Data  Wk  sys.o [1]
_A_PLLFEED              0xe01fc08c    0x4  Data  Wk  sys.o [1]
_A_PLLSTAT              0xe01fc088    0x4  Data  Wk  sys.o [1]
_A_SCS                  0xe01fc1a0    0x4  Data  Wk  sys.o [1]
_A_T0CTCR               0xe0004070    0x4  Data  Wk  main.o [1]
_A_T0IR                 0xe0004000    0x4  Data  Wk  main.o [1]
_A_T0MCR                0xe0004014    0x4  Data  Wk  main.o [1]
_A_T0TCR                0xe0004004    0x4  Data  Wk  main.o [1]
_A_USBCLKCFG            0xe01fc108    0x4  Data  Wk  sys.o [1]
_A_VICINTENABLE         0xfffff010    0x4  Data  Wk  main.o [1]
_A_VICINTENCLEAR        0xfffff014    0x4  Data  Wk  sys.o [1]
_A_VICINTSELECT         0xfffff00c    0x4  Data  Wk  sys.o [1]
_A_VICPROTECTION        0xfffff020    0x4  Data  Wk  sys.o [1]
_A_VICSOFTINTCLEAR      0xfffff01c    0x4  Data  Wk  sys.o [1]
_A_VICVECTPRIORITY0     0xfffff200    0x4  Data  Wk  sys.o [1]
__aeabi_cfcmple         0x00001e44         Code  Gb  FltCmpLe.o [4]
__aeabi_cfrcmple        0x00001e74         Code  Gb  FltCmpGe.o [4]
__aeabi_d2f             0x00001ad8         Code  Gb  DblToFlt.o [4]
__aeabi_dadd            0x00001864         Code  Gb  DblAdd.o [4]
__aeabi_ddiv            0x00000a08         Code  Gb  DblDiv.o [4]
__aeabi_dmul            0x00000f90         Code  Gb  DblMul.o [4]
__aeabi_dsub            0x0000118c         Code  Gb  DblSub.o [4]
__aeabi_f2d             0x00001c30         Code  Gb  FltToDbl.o [4]
__aeabi_f2uiz           0x00001da8         Code  Gb  FltToU32.o [4]
__aeabi_fadd            0x00001b88         Code  Gb  FltAdd.o [4]
__aeabi_fdiv            0x00001380         Code  Gb  FltDiv.o [4]
__aeabi_fmul            0x00001714         Code  Gb  FltMul.o [4]
__aeabi_fsub            0x000019a8         Code  Gb  FltSub.o [4]
__aeabi_i2d             0x00001cfc         Code  Gb  S32ToDbl.o [4]
__aeabi_i2f             0x00001c94         Code  Gb  S32ToFlt.o [4]
__aeabi_idiv0           0x00001fd0         Code  Gb  IntDivZer.o [4]
__aeabi_ui2f            0x00001f94         Code  Gb  U32ToFlt.o [4]
__aeabi_uidiv           0x0000154c         Code  Gb  I32DivMod.o [4]
__aeabi_uidivmod        0x0000154c         Code  Gb  I32DivMod.o [4]
__exit                  0x00001f60   0x1c  Code  Gb  exit.o [5]
__iar_SubNrm            0x00001834         Code  Gb  FltMul.o [4]
__iar_SubNrmP           0x00001830         Code  Gb  FltMul.o [4]
__iar_copy_init2        0x00001ea0   0x2c  Code  Gb  copy_init2.o [4]
__iar_dadd              0x00001874         Code  Gb  DblAdd.o [4]
__iar_data_init2        0x00001ddc   0x34  Code  Gb  data_init2.o [4]
__iar_dsub              0x0000119c         Code  Gb  DblSub.o [4]
__iar_dsubStart         0x000011bc         Code  Gb  DblSub.o [4]
__iar_enable_interrupt  0x00001f80         Code  Wk  main.o [1]
__iar_fadd              0x00001b94         Code  Gb  FltAdd.o [4]
__iar_fsub              0x000019b4         Code  Gb  FltSub.o [4]
__iar_fsubStart         0x000019c4         Code  Gb  FltSub.o [4]
__iar_i2d               0x00001d00         Code  Gb  S32ToDbl.o [4]
__iar_i2f               0x00001ca8         Code  Gb  S32ToFlt.o [4]
__iar_program_start     0x00001d54         Code  Gb  cstartup.o [4]
__iar_return_from_swi   0x00001fd4    0x4  Code  Gb  xreturnswi.o [5]
__iar_sh_stdout_close   0x00001e10   0x2c  Code  Gb  iarwstd.o [5]
__iar_sh_stdout_handle  0x400005a4    0x4  Data  Lc  iarwstd.o [5]
__iar_zero_init2        0x00001ecc   0x28  Code  Gb  zero_init2.o [4]
__low_level_init        0x00001fd9    0x4  Code  Gb  low_level_init.o [3]
__vector                0x00000000         Code  Gb  cstartup.o [4]
__vector_0x14           0x00000014         Code  Gb  cstartup.o [4]
_exit                   0x00001fa8         Code  Gb  cexit.o [4]
alpha                   0x40000590    0x4  Data  Gb  main.o [1]
blink_timer             0x4000059c    0x4  Data  Gb  main.o [1]
dac_timer               0x400005a0    0x4  Data  Gb  main.o [1]
detect_ZeroCrossing     0x000004ad   0x4c  Code  Gb  main.o [1]
exit                    0x00001fb9    0x6  Code  Gb  exit.o [3]
frequency               0x40000594    0x4  Data  Gb  main.o [1]
initialize_adc          0x0000011d   0xa4  Code  Gb  main.o [1]
initialize_dac          0x000000f1   0x2c  Code  Gb  main.o [1]
initialize_led          0x000000b1   0x40  Code  Gb  main.o [1]
initialize_timer        0x000001dd   0x98  Code  Gb  main.o [1]
linear_inerpolaion      0x400005ac    0x4  Data  Gb  main.o [1]
main                    0x00000045   0x6c  Code  Gb  main.o [1]
start_adc               0x000001c9   0x14  Code  Gb  main.o [1]
start_timer             0x0000027d    0xe  Code  Gb  main.o [1]
stop_timer              0x0000028b    0xe  Code  Gb  main.o [1]
tick_count              0x40000598    0x4  Data  Gb  main.o [1]
toggle_led              0x0000029d   0x34  Code  Gb  main.o [1]
update_alpha            0x0000043d   0x10  Code  Gb  main.o [1]
zero_crossing_detection_level
                        0x400005b0    0x4  Data  Gb  main.o [1]


[1] = C:\31070\v1\MyProject\Debug\Obj
[2] = command line
[3] = dl4t_tl_in.a
[4] = rt4t_al.a
[5] = shs_l.a

  8 112 bytes of readonly  code memory
     48 bytes of readonly  data memory
  1 396 bytes of readwrite data memory

Errors: none
Warnings: none
