V3 4
FL //w3.b45x.dtu.dk/users/studerende/dtu/s072923/private/dokument/DigitalTeknik/02311/Projekt1/Runner.vhd 2010/03/12.10:52:06 K.37
EN work/Runner 0 \
      FL //w3.b45x.dtu.dk/users/studerende/dtu/s072923/private/dokument/DigitalTeknik/02311/Projekt1/Runner.vhd \
      PB ieee/std_logic_1164 1209777529 PB ieee/STD_LOGIC_UNSIGNED 1209777531 \
      PH ieee/NUMERIC_STD 1209777529
AR work/Runner/Behavioral 0 \
      FL //w3.b45x.dtu.dk/users/studerende/dtu/s072923/private/dokument/DigitalTeknik/02311/Projekt1/Runner.vhd \
      EN work/Runner 0
FL "C:/Documents and Settings/s084283/Desktop/Projekt1/Runner.vhd" 2010/03/05.14:03:13 K.37
