Release 10.1.02 - xst K.37 (nt)
Copyright (c) 1995-2008 Xilinx, Inc.  All rights reserved.
--> Parameter TMPDIR set to H:/Public/Lab1/Xilinx/xst/projnav.tmp


Total REAL time to Xst completion: 0.00 secs
Total CPU time to Xst completion: 0.16 secs
 
--> Parameter xsthdpdir set to H:/Public/Lab1/Xilinx/xst


Total REAL time to Xst completion: 0.00 secs
Total CPU time to Xst completion: 0.16 secs
 
--> Reading design: eq2.prj

TABLE OF CONTENTS
  1) Synthesis Options Summary
  2) HDL Compilation
  3) Design Hierarchy Analysis
  4) HDL Analysis
  5) HDL Synthesis
     5.1) HDL Synthesis Report
  6) Advanced HDL Synthesis
     6.1) Advanced HDL Synthesis Report
  7) Low Level Synthesis
  8) Partition Report
  9) Final Report
     9.1) Device utilization summary
     9.2) Partition Resource Summary
     9.3) TIMING REPORT


=========================================================================
*                      Synthesis Options Summary                        *
=========================================================================
---- Source Parameters
Input File Name                    : "eq2.prj"
Input Format                       : mixed
Ignore Synthesis Constraint File   : NO

---- Target Parameters
Output File Name                   : "eq2"
Output Format                      : NGC
Target Device                      : xc2vp30-7-ff896

---- Source Options
Top Module Name                    : eq2
Automatic FSM Extraction           : YES
FSM Encoding Algorithm             : Auto
Safe Implementation                : No
FSM Style                          : lut
RAM Extraction                     : Yes
RAM Style                          : Auto
ROM Extraction                     : Yes
Mux Style                          : Auto
Decoder Extraction                 : YES
Priority Encoder Extraction        : YES
Shift Register Extraction          : YES
Logical Shifter Extraction         : YES
XOR Collapsing                     : YES
ROM Style                          : Auto
Mux Extraction                     : YES
Resource Sharing                   : YES
Asynchronous To Synchronous        : NO
Multiplier Style                   : auto
Automatic Register Balancing       : No

---- Target Options
Add IO Buffers                     : YES
Global Maximum Fanout              : 500
Add Generic Clock Buffer(BUFG)     : 16
Register Duplication               : YES
Slice Packing                      : YES
Optimize Instantiated Primitives   : NO
Convert Tristates To Logic         : Yes
Use Clock Enable                   : Yes
Use Synchronous Set                : Yes
Use Synchronous Reset              : Yes
Pack IO Registers into IOBs        : auto
Equivalent register Removal        : YES

---- General Options
Optimization Goal                  : Speed
Optimization Effort                : 1
Library Search Order               : eq2.lso
Keep Hierarchy                     : NO
Netlist Hierarchy                  : as_optimized
RTL Output                         : Yes
Global Optimization                : AllClockNets
Read Cores                         : YES
Write Timing Constraints           : NO
Cross Clock Analysis               : NO
Hierarchy Separator                : /
Bus Delimiter                      : <>
Case Specifier                     : maintain
Slice Utilization Ratio            : 100
BRAM Utilization Ratio             : 100
Verilog 2001                       : YES
Auto BRAM Packing                  : NO
Slice Utilization Ratio Delta      : 5

=========================================================================


=========================================================================
*                          HDL Compilation                              *
=========================================================================
Compiling vhdl file "//w3.b45x.dtu.dk/users/studerende/dtu/s072923/Public/Lab1/Xilinx/list_ch02_01_eq1.vhd" in Library work.
Architecture agtb4bit_arch of Entity agtb4bit is up to date.
Compiling vhdl file "//w3.b45x.dtu.dk/users/studerende/dtu/s072923/Public/Lab1/Xilinx/list_ch02_02_eq2.vhd" in Library work.
Entity <testout> compiled.
Entity <eq2> (Architecture <struc_arch>) compiled.

=========================================================================
*                     Design Hierarchy Analysis                         *
=========================================================================
Analyzing hierarchy for entity <eq2> in library <work> (architecture <struc_arch>).

Analyzing hierarchy for entity <agtb4bit> in library <work> (architecture <agtb4bit_arch>).


=========================================================================
*                            HDL Analysis                               *
=========================================================================
Analyzing Entity <eq2> in library <work> (Architecture <struc_arch>).
Entity <eq2> analyzed. Unit <eq2> generated.

Analyzing Entity <agtb4bit> in library <work> (Architecture <agtb4bit_arch>).
Entity <agtb4bit> analyzed. Unit <agtb4bit> generated.


=========================================================================
*                           HDL Synthesis                               *
=========================================================================

Performing bidirectional port resolution...

Synthesizing Unit <agtb4bit>.
    Related source file is "//w3.b45x.dtu.dk/users/studerende/dtu/s072923/Public/Lab1/Xilinx/list_ch02_01_eq1.vhd".
Unit <agtb4bit> synthesized.


Synthesizing Unit <eq2>.
    Related source file is "//w3.b45x.dtu.dk/users/studerende/dtu/s072923/Public/Lab1/Xilinx/list_ch02_02_eq2.vhd".
Unit <eq2> synthesized.


=========================================================================
HDL Synthesis Report

Found no macro
=========================================================================

=========================================================================
*                       Advanced HDL Synthesis                          *
=========================================================================

Loading device for application Rf_Device from file '2vp30.nph' in environment C:\PROGRA~1\Xilinx\10.1\ISE.

=========================================================================
Advanced HDL Synthesis Report

Found no macro
=========================================================================

=========================================================================
*                         Low Level Synthesis                           *
=========================================================================

Optimizing unit <eq2> ...

Mapping all equations...
Building and optimizing final netlist ...
Found area constraint ratio of 100 (+ 5) on block eq2, actual ratio is 0.

Final Macro Processing ...

=========================================================================
Final Register Report

Found no macro
=========================================================================

=========================================================================
*                           Partition Report                             *
=========================================================================

Partition Implementation Status
-------------------------------

  No Partitions were found in this design.

-------------------------------

=========================================================================
*                            Final Report                               *
=========================================================================
Final Results
RTL Top Level Output File Name     : eq2.ngr
Top Level Output File Name         : eq2
Output Format                      : NGC
Optimization Goal                  : Speed
Keep Hierarchy                     : NO

Design Statistics
# IOs                              : 6

Cell Usage :
# BELS                             : 2
#      LUT4                        : 1
#      VCC                         : 1
# IO Buffers                       : 6
#      IBUF                        : 4
#      OBUF                        : 2
=========================================================================

Device utilization summary:
---------------------------

Selected Device : 2vp30ff896-7 

 Number of Slices:                        1  out of  13696     0%  
 Number of 4 input LUTs:                  1  out of  27392     0%  
 Number of IOs:                           6
 Number of bonded IOBs:                   6  out of    556     1%  

---------------------------
Partition Resource Summary:
---------------------------

  No Partitions were found in this design.

---------------------------


=========================================================================
TIMING REPORT

NOTE: THESE TIMING NUMBERS ARE ONLY A SYNTHESIS ESTIMATE.
      FOR ACCURATE TIMING INFORMATION PLEASE REFER TO THE TRACE REPORT
      GENERATED AFTER PLACE-and-ROUTE.

Clock Information:
------------------
No clock signals found in this design

Asynchronous Control Signals Information:
----------------------------------------
No asynchronous control signals found in this design

Timing Summary:
---------------
Speed Grade: -7

   Minimum period: No path found
   Minimum input arrival time before clock: No path found
   Maximum output required time after clock: No path found
   Maximum combinational path delay: 4.544ns

Timing Detail:
--------------
All values displayed in nanoseconds (ns)

=========================================================================
Timing constraint: Default path analysis
  Total number of paths / destination ports: 4 / 1
-------------------------------------------------------------------------
Delay:               4.544ns (Levels of Logic = 3)
  Source:            b<1> (PAD)
  Destination:       aeqb (PAD)

  Data Path: b<1> to aeqb
                                Gate     Net
    Cell:in->out      fanout   Delay   Delay  Logical Name (Net Name)
    ----------------------------------------  ------------
     IBUF:I->O             1   0.878   0.467  b_1_IBUF (b_1_IBUF)
     LUT4:I0->O            1   0.275   0.332  cmp_unit/eq1 (aeqb_OBUF)
     OBUF:I->O                 2.592          aeqb_OBUF (aeqb)
    ----------------------------------------
    Total                      4.544ns (3.745ns logic, 0.799ns route)
                                       (82.4% logic, 17.6% route)

=========================================================================


Total REAL time to Xst completion: 8.00 secs
Total CPU time to Xst completion: 8.03 secs
 
--> 

Total memory usage is 189992 kilobytes

Number of errors   :    0 (   0 filtered)
Number of warnings :    0 (   0 filtered)
Number of infos    :    0 (   0 filtered)

