--------------------------------------------------------------------------------
Release 10.1.02 Trace  (nt)
Copyright (c) 1995-2008 Xilinx, Inc.  All rights reserved.

C:\Program Files\Xilinx\10.1\ISE\bin\nt\unwrapped\trce.exe -ise
H:/1_project/1_project.ise -intstyle ise -v 3 -s 7 -xml eq2 eq2.ncd -o eq2.twr
eq2.pcf -ucf C:/Documents and Settings/s072923/Desktop/XUPboard.ucf

Design file:              eq2.ncd
Physical constraint file: eq2.pcf
Device,package,speed:     xc2vp30,ff896,-7 (PRODUCTION 1.94 2008-05-01)
Report level:             verbose report

Environment Variable      Effect 
--------------------      ------ 
NONE                      No environment variables were set
--------------------------------------------------------------------------------

INFO:Timing:2698 - No timing constraints found, doing default enumeration.
INFO:Timing:2752 - To get complete path coverage, use the unconstrained paths 
   option. All paths that are not constrained will be reported in the 
   unconstrained paths section(s) of the report.
INFO:Timing:3339 - The clock-to-out numbers in this timing report are based on 
   a 50 Ohm transmission line loading model.  For the details of this model, 
   and for more information on accounting for different loading conditions, 
   please see the device datasheet.



Data Sheet report:
-----------------
All values displayed in nanoseconds (ns)

Pad to Pad
---------------+---------------+---------+
Source Pad     |Destination Pad|  Delay  |
---------------+---------------+---------+
a<0>           |aeqb           |    4.715|
a<1>           |aeqb           |    5.024|
b<0>           |aeqb           |    4.631|
b<1>           |aeqb           |    4.629|
---------------+---------------+---------+


Analysis completed Fri Feb 12 11:03:44 2010 
--------------------------------------------------------------------------------

Trace Settings:
-------------------------
Trace Settings 

Peak Memory Usage: 142 MB



