AR runner runner_arch "C:/Documents and Settings/Administrator.PCV/Desktop/Projekt_1/Runner.vhd" sub00/vhpl01 1268591913
EN runner NULL "C:/Documents and Settings/Administrator.PCV/Desktop/Projekt_1/Runner.vhd" sub00/vhpl00 1268591912
AR runner_registry behavioral "C:/Documents and Settings/Administrator.PCV/Desktop/Projekt_1/Runner_Registry.vhd" sub00/vhpl03 1268649081
EN runner_registry NULL "C:/Documents and Settings/Administrator.PCV/Desktop/Projekt_1/Runner_Registry.vhd" sub00/vhpl02 1268649080
