V3 16
FL //w3.b45x.dtu.dk/users/studerende/dtu/s072923/1_project/list_ch02_01_eq1.vhd 2010/02/12.11:00:12 K.37
FL //w3.b45x.dtu.dk/users/studerende/dtu/s072923/1_project/list_ch02_02_eq2.vhd 2010/02/12.11:01:56 K.37
FL "//w3.b45x.dtu.dk/users/studerende/dtu/s072923/private/dokument/Hentede filer/reg_reset_test.vhd" 2010/02/26.11:21:52 K.37
EN work/reg_reset_test 1267186420 \
      FL "//w3.b45x.dtu.dk/users/studerende/dtu/s072923/private/dokument/Hentede filer/reg_reset_test.vhd" \
      PB ieee/std_logic_1164 1209777529
AR work/reg_reset_test/behavioral 1267186421 \
      FL "//w3.b45x.dtu.dk/users/studerende/dtu/s072923/private/dokument/Hentede filer/reg_reset_test.vhd" \
      EN work/reg_reset_test 1267186420 CP work/reg_reset
FL //w3.b45x.dtu.dk/users/studerende/dtu/s072923/Public/Lab1/Xilinx/list_ch02_01_eq1.vhd 2010/02/19.11:38:38 K.37
EN work/agtb4bit 1266576086 \
      FL //w3.b45x.dtu.dk/users/studerende/dtu/s072923/Public/Lab1/Xilinx/list_ch02_01_eq1.vhd \
      PB ieee/std_logic_1164 1209777529
AR work/agtb4bit/agtb4bit_arch 1266576087 \
      FL //w3.b45x.dtu.dk/users/studerende/dtu/s072923/Public/Lab1/Xilinx/list_ch02_01_eq1.vhd \
      EN work/agtb4bit 1266576086
FL //w3.b45x.dtu.dk/users/studerende/dtu/s072923/Public/Lab1/Xilinx/list_ch02_02_eq2.vhd 2010/02/19.11:41:06 K.37
EN work/testout 1266576088 \
      FL //w3.b45x.dtu.dk/users/studerende/dtu/s072923/Public/Lab1/Xilinx/list_ch02_02_eq2.vhd \
      PB ieee/std_logic_1164 1209777529
AR work/eq2/struc_arch 1266576089 \
      FL //w3.b45x.dtu.dk/users/studerende/dtu/s072923/Public/Lab1/Xilinx/list_ch02_02_eq2.vhd \
      EN work/eq2 1265968939 AR work/agtb4bit/agtb4bit_arch 1266576087
FL //w3.b45x.dtu.dk/users/studerende/dtu/s072923/Public/Lab1/Xilinx/reg_reset.vhd 2010/02/26.11:23:36 K.37
EN work/reg_reset 1267186418 \
      FL //w3.b45x.dtu.dk/users/studerende/dtu/s072923/Public/Lab1/Xilinx/reg_reset.vhd \
      PB ieee/std_logic_1164 1209777529 PB ieee/STD_LOGIC_UNSIGNED 1209777531 \
      PH ieee/NUMERIC_STD 1209777529
AR work/reg_reset/arch 1267186419 \
      FL //w3.b45x.dtu.dk/users/studerende/dtu/s072923/Public/Lab1/Xilinx/reg_reset.vhd \
      EN work/reg_reset 1267186418
